resources variant=0 q_tg_bytes=16 k_tg_bytes=32 q_threads=1024 k_threads=1024
resources variant=1 q_tg_bytes=16 k_tg_bytes=32 q_threads=1024 k_threads=1024
attention_source_identical=1
quant_check variant=0 operand=0 max_int8_diff=0 scale_rel_diff=8.24655402e-08
quant_check variant=0 operand=1 max_int8_diff=1 scale_rel_diff=9.06800892e-08
quant_check variant=1 operand=0 max_int8_diff=0 scale_rel_diff=8.24655402e-08
quant_check variant=1 operand=1 max_int8_diff=1 scale_rel_diff=9.06800892e-08
attention_check variant=0 sampled_rel_l2=0.0393805448 max_abs=0.0105813481
attention_check variant=1 sampled_rel_l2=0.0393805448 max_abs=0.0105813481
bit_compare operand=0 int8_count=18874368 int8_mismatches=0 scale_count=6144 scale_bit_mismatches=0
bit_compare operand=1 int8_count=18874368 int8_mismatches=0 scale_count=1536 scale_bit_mismatches=0
bit_identity=1
case device=Apple M5 Max R=4096 C=4096 D=192 B=1 Hq=24 Hk=24 precision=0 causal=0 dynamic=0 distribution=1 varlen=0 quant_only=0 hadamard_block=64
pair full=0 round=0 baseline_ms=0.25709375 hadamard_ms=0.246265627 ratio=0.957882587
pair full=0 round=1 baseline_ms=0.248229167 hadamard_ms=0.245484378 ratio=0.988942518
pair full=0 round=2 baseline_ms=0.247156247 hadamard_ms=0.249692712 ratio=1.01026259
pair full=0 round=3 baseline_ms=0.267755211 hadamard_ms=0.250453129 ratio=0.935380971
pair full=0 round=4 baseline_ms=0.247937503 hadamard_ms=0.248156248 ratio=1.00088226
pair full=0 round=5 baseline_ms=0.248583332 hadamard_ms=0.247343749 ratio=0.99501341
pair full=0 round=6 baseline_ms=0.249802084 hadamard_ms=0.255359373 ratio=1.02224677
pair full=0 round=7 baseline_ms=0.322843749 hadamard_ms=0.24933854 ratio=0.772319553
pair full=0 round=8 baseline_ms=0.251213547 hadamard_ms=0.247296877 ratio=0.984409002
pair full=0 round=9 baseline_ms=0.254661456 hadamard_ms=0.2523125 ratio=0.990776164
pair full=0 round=10 baseline_ms=0.249494798 hadamard_ms=0.248265627 ratio=0.99507336
pair full=0 round=11 baseline_ms=0.245468756 hadamard_ms=0.247828124 ratio=1.00961168
pair full=0 round=12 baseline_ms=0.245625 hadamard_ms=0.245994794 ratio=1.00150552
pair full=0 round=13 baseline_ms=0.248489581 hadamard_ms=0.246812495 ratio=0.993250878
pair full=0 round=14 baseline_ms=0.247609372 hadamard_ms=0.246755204 ratio=0.996550339
pair full=0 round=15 baseline_ms=0.246609379 hadamard_ms=0.263421876 ratio=1.06817461
pair full=0 round=16 baseline_ms=0.246572912 hadamard_ms=0.24570313 ratio=0.996472514
pair full=0 round=17 baseline_ms=0.24844271 hadamard_ms=0.248312499 ratio=0.999475893
pair full=0 round=18 baseline_ms=0.245369789 hadamard_ms=0.246328127 ratio=1.00390569
pair full=0 round=19 baseline_ms=0.248062497 hadamard_ms=0.246968753 ratio=0.995590854
pair full=0 round=20 baseline_ms=0.2485 hadamard_ms=0.247281256 ratio=0.995095595
pair full=0 round=21 baseline_ms=0.248552082 hadamard_ms=0.247187498 ratio=0.994509867
pair full=0 round=22 baseline_ms=0.246406249 hadamard_ms=0.253838538 ratio=1.03016274
pair full=0 round=23 baseline_ms=0.248671873 hadamard_ms=0.246953125 ratio=0.993088287
pair full=0 round=24 baseline_ms=0.246765623 hadamard_ms=0.246874995 ratio=1.00044322
pair full=0 round=25 baseline_ms=0.246994794 hadamard_ms=0.246651041 ratio=0.99860826
pair full=0 round=26 baseline_ms=0.246421878 hadamard_ms=0.247109376 ratio=1.00278992
pair full=0 round=27 baseline_ms=0.247510419 hadamard_ms=0.245494797 ratio=0.991856415
pair full=0 round=28 baseline_ms=0.256218751 hadamard_ms=0.248000004 ratio=0.967922929
pair full=0 round=29 baseline_ms=0.246781245 hadamard_ms=0.247776043 ratio=1.00403109
pair full=0 round=30 baseline_ms=0.246307296 hadamard_ms=0.31926042 ratio=1.29618743
pair full=0 round=31 baseline_ms=0.248890625 hadamard_ms=0.245598952 ratio=0.986774623
pair full=0 round=32 baseline_ms=0.247098964 hadamard_ms=0.250843746 ratio=1.01515499
pair full=0 round=33 baseline_ms=0.246890624 hadamard_ms=0.248624994 ratio=1.00702485
pair full=0 round=34 baseline_ms=0.248109376 hadamard_ms=0.250124998 ratio=1.00812393
pair full=0 round=35 baseline_ms=0.250187506 hadamard_ms=0.252026039 ratio=1.00734862
pair full=0 round=36 baseline_ms=0.245864583 hadamard_ms=0.246328127 ratio=1.00188536
pair full=0 round=37 baseline_ms=0.248005214 hadamard_ms=0.246890624 ratio=0.995505782
pair full=0 round=38 baseline_ms=0.254994789 hadamard_ms=0.246875003 ratio=0.968157048
pair full=0 round=39 baseline_ms=0.249015626 hadamard_ms=0.248515629 ratio=0.997992108
pair full=0 round=40 baseline_ms=0.245239586 hadamard_ms=0.246312506 ratio=1.00437499
pair full=0 round=41 baseline_ms=0.248562501 hadamard_ms=0.249796882 ratio=1.00496608
pair full=0 round=42 baseline_ms=0.256046878 hadamard_ms=0.246708332 ratio=0.963527983
pair full=0 round=43 baseline_ms=0.245723953 hadamard_ms=0.247109376 ratio=1.00563813
pair full=0 round=44 baseline_ms=0.246156254 hadamard_ms=0.247895834 ratio=1.00706697
pair full=0 round=45 baseline_ms=0.290874996 hadamard_ms=0.245843752 ratio=0.845186956
pair full=0 round=46 baseline_ms=0.262796879 hadamard_ms=0.246880205 ratio=0.939433551
pair full=0 round=47 baseline_ms=0.248625001 hadamard_ms=0.246812502 ratio=0.992709908
timing full=0 baseline_ms=0.248169272 hadamard_ms=0.247234377 paired_overhead_pct=-0.272878 samples=48
pair full=1 round=0 baseline_ms=5.14562498 hadamard_ms=5.09087497 ratio=0.989359891
pair full=1 round=1 baseline_ms=5.12779166 hadamard_ms=6.64945832 ratio=1.29674892
pair full=1 round=2 baseline_ms=5.0879583 hadamard_ms=6.61912496 ratio=1.30093931
pair full=1 round=3 baseline_ms=5.07287501 hadamard_ms=5.10191667 ratio=1.00572489
pair full=1 round=4 baseline_ms=5.07841667 hadamard_ms=5.08612499 ratio=1.00151786
pair full=1 round=5 baseline_ms=5.30220836 hadamard_ms=5.07700001 ratio=0.957525556
pair full=1 round=6 baseline_ms=5.08783333 hadamard_ms=5.06749999 ratio=0.996003538
pair full=1 round=7 baseline_ms=5.07137505 hadamard_ms=5.10274997 ratio=1.00618667
pair full=1 round=8 baseline_ms=5.09433332 hadamard_ms=5.27195836 ratio=1.03486718
pair full=1 round=9 baseline_ms=5.07612503 hadamard_ms=5.07908332 ratio=1.00058278
pair full=1 round=10 baseline_ms=6.15054165 hadamard_ms=5.08625002 ratio=0.82695969
pair full=1 round=11 baseline_ms=5.24949998 hadamard_ms=5.0685 ratio=0.965520529
pair full=1 round=12 baseline_ms=5.06970834 hadamard_ms=5.07983332 ratio=1.00199715
pair full=1 round=13 baseline_ms=5.07666665 hadamard_ms=5.08987502 ratio=1.00260178
pair full=1 round=14 baseline_ms=5.08041662 hadamard_ms=5.08083333 ratio=1.00008202
pair full=1 round=15 baseline_ms=5.07966668 hadamard_ms=5.12433331 ratio=1.00879322
pair full=1 round=16 baseline_ms=5.07900002 hadamard_ms=5.35795838 ratio=1.05492387
pair full=1 round=17 baseline_ms=5.07141661 hadamard_ms=5.07200003 ratio=1.00011504
pair full=1 round=18 baseline_ms=5.25412505 hadamard_ms=5.08395833 ratio=0.967612739
pair full=1 round=19 baseline_ms=5.08062501 hadamard_ms=5.0707917 ratio=0.998064547
pair full=1 round=20 baseline_ms=5.07020834 hadamard_ms=5.12987503 ratio=1.0117681
pair full=1 round=21 baseline_ms=5.06812503 hadamard_ms=6.46275003 ratio=1.27517573
pair full=1 round=22 baseline_ms=5.07650001 hadamard_ms=5.10087499 ratio=1.00480153
pair full=1 round=23 baseline_ms=5.08187496 hadamard_ms=5.07095834 ratio=0.997851853
pair full=1 round=24 baseline_ms=5.29812503 hadamard_ms=5.0905 ratio=0.960811601
pair full=1 round=25 baseline_ms=5.05962502 hadamard_ms=5.06891665 ratio=1.00183643
pair full=1 round=26 baseline_ms=5.09954162 hadamard_ms=5.07374998 ratio=0.994942361
pair full=1 round=27 baseline_ms=5.07895829 hadamard_ms=5.12445829 ratio=1.00895853
pair full=1 round=28 baseline_ms=5.087125 hadamard_ms=5.07687504 ratio=0.997985117
pair full=1 round=29 baseline_ms=5.09275001 hadamard_ms=5.12024999 ratio=1.00539983
pair full=1 round=30 baseline_ms=5.09458332 hadamard_ms=6.60104165 ratio=1.29569804
pair full=1 round=31 baseline_ms=5.07816667 hadamard_ms=5.06900001 ratio=0.998194888
pair full=1 round=32 baseline_ms=5.06875 hadamard_ms=5.08249999 ratio=1.0027127
pair full=1 round=33 baseline_ms=5.37987502 hadamard_ms=5.08358335 ratio=0.944925921
pair full=1 round=34 baseline_ms=5.07754169 hadamard_ms=5.08749997 ratio=1.00196124
pair full=1 round=35 baseline_ms=5.08362503 hadamard_ms=5.07850002 ratio=0.998991859
pair full=1 round=36 baseline_ms=5.12883329 hadamard_ms=5.41312504 ratio=1.0554301
pair full=1 round=37 baseline_ms=5.08212502 hadamard_ms=5.06920833 ratio=0.997458408
pair full=1 round=38 baseline_ms=5.08962502 hadamard_ms=5.07625 ratio=0.997372102
pair full=1 round=39 baseline_ms=5.17516665 hadamard_ms=5.0632917 ratio=0.978382348
pair full=1 round=40 baseline_ms=5.10808331 hadamard_ms=5.09587501 ratio=0.997610004
pair full=1 round=41 baseline_ms=5.09275001 hadamard_ms=5.31183335 ratio=1.04301867
pair full=1 round=42 baseline_ms=5.09275001 hadamard_ms=5.07683336 ratio=0.996874645
pair full=1 round=43 baseline_ms=5.08987502 hadamard_ms=5.07349998 ratio=0.996782821
pair full=1 round=44 baseline_ms=5.056125 hadamard_ms=5.06837497 ratio=1.0024228
pair full=1 round=45 baseline_ms=5.09400002 hadamard_ms=5.10208332 ratio=1.00158683
pair full=1 round=46 baseline_ms=5.339625 hadamard_ms=5.10491669 ratio=0.956044047
pair full=1 round=47 baseline_ms=5.08791668 hadamard_ms=5.0654583 ratio=0.995585938
timing full=1 baseline_ms=5.08747916 hadamard_ms=5.08504166 paired_overhead_pct=0.0348912 samples=48
correct=1
