[1/11] [RUN] scaled dot product attention with quantized NA mps across output tiles with sinks ...
[1/11] [PASS] scaled dot product attention with quantized NA mps across output tiles with sinks
[2/11] [RUN] scaled dot product attention with quantized NA mps ...
[2/11] [PASS] scaled dot product attention with quantized NA mps
[3/11] [RUN] scaled dot product attention with quantized NA mps and zero mask ...
[3/11] [PASS] scaled dot product attention with quantized NA mps and zero mask
[4/11] [RUN] scaled dot product attention with quantized NA mps and numeric mask ...
[4/11] [PASS] scaled dot product attention with quantized NA mps and numeric mask
[5/11] [RUN] scaled dot product attention with quantized causal NA mps ...
[5/11] [PASS] scaled dot product attention with quantized causal NA mps
[6/11] [RUN] scaled dot product attention with quantized NA mps batched ...
[6/11] [PASS] scaled dot product attention with quantized NA mps batched
[7/11] [RUN] scaled dot product attention with quantized NA mps for non-multiple-of-64 sequence ...
[7/11] [PASS] scaled dot product attention with quantized NA mps for non-multiple-of-64 sequence
[8/11] [RUN] scaled dot product attention with quantized NA mps across every key tail ...
[8/11] [PASS] scaled dot product attention with quantized NA mps across every key tail
[9/11] [RUN] scaled dot product attention with quantized NA mps across V-mean reduction sizes ...
[9/11] [PASS] scaled dot product attention with quantized NA mps across V-mean reduction sizes
[10/11] [RUN] scaled dot product attention with quantized NA mps across wide outputs and dynamic query tails ...
[10/11] [PASS] scaled dot product attention with quantized NA mps across wide outputs and dynamic query tails
[11/11] [RUN] scaled dot product attention with quantized NA mps mixed mask rows and saved statistics ...
[11/11] [PASS] scaled dot product attention with quantized NA mps mixed mask rows and saved statistics
all test case(s) passed, congratulations!
