thermal_state=0 os=Version 27.0.1 (Build 24A446)
Launched application with com.liu.NAHadamardAttentionExperiment bundle identifier.
Waiting for the application to terminate…
resources variant=0 q_tg_bytes=16 k_tg_bytes=32 q_threads=1024 k_threads=1024
resources variant=1 q_tg_bytes=16 k_tg_bytes=32 q_threads=1024 k_threads=1024
attention_source_identical=1
quant_check variant=0 operand=0 max_int8_diff=0 scale_rel_diff=1.02669709e-07
quant_check variant=0 operand=1 max_int8_diff=0 scale_rel_diff=0
quant_check variant=1 operand=0 max_int8_diff=0 scale_rel_diff=0
quant_check variant=1 operand=1 max_int8_diff=0 scale_rel_diff=0
attention_check variant=0 sampled_rel_l2=0.030844493 max_abs=0.00916895627
attention_check variant=1 sampled_rel_l2=0.0199384275 max_abs=0.00504980548
case device=Apple M5 GPU R=256 C=512 D=256 B=2 Hq=8 Hk=2 precision=2 causal=0 dynamic=3 distribution=1 varlen=0 quant_only=0 hadamard_block=256
pair full=0 round=0 baseline_ms=0.0499427078 hadamard_ms=0.0493124971 ratio=0.987381327
pair full=0 round=1 baseline_ms=0.0498802074 hadamard_ms=0.0492916661 ratio=0.988200905
timing full=0 baseline_ms=0.0499114576 hadamard_ms=0.0493020816 paired_overhead_pct=-1.22089 samples=2
pair full=1 round=0 baseline_ms=0.284916663 hadamard_ms=0.287125004 ratio=1.00775083
pair full=1 round=1 baseline_ms=0.279208354 hadamard_ms=0.281416666 ratio=1.00790919
timing full=1 baseline_ms=0.282062509 hadamard_ms=0.284270835 paired_overhead_pct=0.783001 samples=2
correct=1
probe_exit=0 thermal_end=0
The app terminated with the exit code 0.
