thermal_state=0 os=Version 27.0.1 (Build 24A446)
Launched application with com.liu.NAHadamardAttentionExperiment bundle identifier.
Waiting for the application to terminate…
resources variant=0 q_tg_bytes=16 k_tg_bytes=32 q_threads=1024 k_threads=1024
resources variant=1 q_tg_bytes=16 k_tg_bytes=32 q_threads=1024 k_threads=1024
attention_source_identical=1
quant_check variant=0 operand=0 max_int8_diff=0 scale_rel_diff=0
quant_check variant=0 operand=1 max_int8_diff=0 scale_rel_diff=0
quant_check variant=1 operand=0 max_int8_diff=0 scale_rel_diff=1.17222918e-07
quant_check variant=1 operand=1 max_int8_diff=0 scale_rel_diff=9.50396455e-08
attention_check variant=0 sampled_rel_l2=0.0179699742 max_abs=0.0158498384
attention_check variant=1 sampled_rel_l2=0.0161133673 max_abs=0.0125173224
case device=Apple M5 GPU R=256 C=512 D=80 B=2 Hq=8 Hk=2 precision=2 causal=0 dynamic=3 distribution=1 varlen=0 quant_only=0 hadamard_block=16
pair full=0 round=0 baseline_ms=0.0171614593 hadamard_ms=0.0177916663 ratio=1.03672223
pair full=0 round=1 baseline_ms=0.017135415 hadamard_ms=0.017885417 ratio=1.04376912
timing full=0 baseline_ms=0.0171484371 hadamard_ms=0.0178385417 paired_overhead_pct=4.02457 samples=2
pair full=1 round=0 baseline_ms=0.0947499939 hadamard_ms=0.0973750139 ratio=1.0277047
pair full=1 round=1 baseline_ms=0.094499992 hadamard_ms=0.0969166576 ratio=1.02557318
timing full=1 baseline_ms=0.0946249929 hadamard_ms=0.0971458358 paired_overhead_pct=2.66389 samples=2
correct=1
probe_exit=0 thermal_end=0
The app terminated with the exit code 0.
