thermal_state=0 os=Version 27.0.1 (Build 24A446)
Launched application with com.liu.NAHadamardAttentionExperiment bundle identifier.
Waiting for the application to terminate…
resources variant=0 q_tg_bytes=16 k_tg_bytes=32 q_threads=1024 k_threads=1024
resources variant=1 q_tg_bytes=16 k_tg_bytes=32 q_threads=1024 k_threads=1024
attention_source_identical=1
quant_check variant=0 operand=0 max_int8_diff=0 scale_rel_diff=1.0587118e-07
quant_check variant=0 operand=1 max_int8_diff=1 scale_rel_diff=0
quant_check variant=1 operand=0 max_int8_diff=0 scale_rel_diff=1.02749375e-07
quant_check variant=1 operand=1 max_int8_diff=0 scale_rel_diff=0
attention_check variant=0 sampled_rel_l2=0.0159386203 max_abs=0.0159695856
attention_check variant=1 sampled_rel_l2=0.0125529422 max_abs=0.0112453658
case device=Apple M5 GPU R=256 C=512 D=192 B=2 Hq=8 Hk=2 precision=1 causal=0 dynamic=3 distribution=1 varlen=0 quant_only=0 hadamard_block=64
pair full=0 round=0 baseline_ms=0.0217239613 hadamard_ms=0.0238802095 ratio=1.09925668
pair full=0 round=1 baseline_ms=0.0216666667 hadamard_ms=0.0239427063 ratio=1.10504798
timing full=0 baseline_ms=0.021695314 hadamard_ms=0.0239114579 paired_overhead_pct=10.2152 samples=2
pair full=1 round=0 baseline_ms=0.163666671 hadamard_ms=0.165375008 ratio=1.0104379
pair full=1 round=1 baseline_ms=0.166499987 hadamard_ms=0.170749991 ratio=1.02552555
timing full=1 baseline_ms=0.165083329 hadamard_ms=0.168062499 paired_overhead_pct=1.79817 samples=2
correct=1
probe_exit=0 thermal_end=0
The app terminated with the exit code 0.
