resources variant=0 q_tg_bytes=16 k_tg_bytes=32 q_threads=1024 k_threads=1024
resources variant=1 q_tg_bytes=16 k_tg_bytes=32 q_threads=1024 k_threads=1024
attention_source_identical=1
quant_check variant=0 operand=0 max_int8_diff=1 scale_rel_diff=8.63884679e-08
quant_check variant=0 operand=1 max_int8_diff=1 scale_rel_diff=0
quant_check variant=1 operand=0 max_int8_diff=0 scale_rel_diff=1.06604617e-07
quant_check variant=1 operand=1 max_int8_diff=0 scale_rel_diff=1.14959484e-07
attention_check variant=0 sampled_rel_l2=0.0114836565 max_abs=0.000298081934
attention_check variant=1 sampled_rel_l2=0.0107941428 max_abs=0.000228057057
case device=Apple M5 Max R=1 C=4097 D=128 B=1 Hq=32 Hk=8 precision=0 causal=1 dynamic=3 distribution=0 varlen=0 quant_only=0 hadamard_block=128
pair full=0 round=0 baseline_ms=0.0177187467 hadamard_ms=0.0227395867 ratio=1.28336316
pair full=0 round=1 baseline_ms=0.0176250032 hadamard_ms=0.0224687465 ratio=1.27482226
pair full=0 round=2 baseline_ms=0.0177083348 hadamard_ms=0.0222343806 ratio=1.25558845
pair full=0 round=3 baseline_ms=0.0176770773 hadamard_ms=0.0222447925 ratio=1.25839765
pair full=0 round=4 baseline_ms=0.0176770845 hadamard_ms=0.0222864546 ratio=1.26075398
pair full=0 round=5 baseline_ms=0.0176302055 hadamard_ms=0.0222760427 ratio=1.26351577
pair full=0 round=6 baseline_ms=0.0176874964 hadamard_ms=0.0223541647 ratio=1.26383995
pair full=0 round=7 baseline_ms=0.0179218769 hadamard_ms=0.0224635442 ratio=1.25341471
pair full=0 round=8 baseline_ms=0.0176927133 hadamard_ms=0.0219843787 ratio=1.24256683
pair full=0 round=9 baseline_ms=0.0175000023 hadamard_ms=0.022328124 ratio=1.27589264
pair full=0 round=10 baseline_ms=0.0176197937 hadamard_ms=0.0224166652 ratio=1.27224334
pair full=0 round=11 baseline_ms=0.0189999992 hadamard_ms=0.0238749999 ratio=1.256579
pair full=0 round=12 baseline_ms=0.0176979156 hadamard_ms=0.0221614609 ratio=1.2522074
pair full=0 round=13 baseline_ms=0.0177343754 hadamard_ms=0.0224062533 ratio=1.26343628
pair full=0 round=14 baseline_ms=0.0176874964 hadamard_ms=0.0225312542 ratio=1.27385209
pair full=0 round=15 baseline_ms=0.0175989553 hadamard_ms=0.0222760427 ratio=1.26575938
pair full=0 round=16 baseline_ms=0.017671875 hadamard_ms=0.0224791729 ratio=1.27203101
pair full=0 round=17 baseline_ms=0.0177187467 hadamard_ms=0.0225156255 ratio=1.27072337
pair full=0 round=18 baseline_ms=0.017593753 hadamard_ms=0.022500004 ratio=1.27886324
pair full=0 round=19 baseline_ms=0.0177031252 hadamard_ms=0.0223437455 ratio=1.26213565
pair full=0 round=20 baseline_ms=0.0177187467 hadamard_ms=0.0223489624 ratio=1.26131734
pair full=0 round=21 baseline_ms=0.0176406247 hadamard_ms=0.0225364565 ratio=1.27753166
pair full=0 round=22 baseline_ms=0.0176822941 hadamard_ms=0.0222083327 ratio=1.25596444
pair full=0 round=23 baseline_ms=0.017593753 hadamard_ms=0.0223593743 ratio=1.27087008
pair full=0 round=24 baseline_ms=0.0175156238 hadamard_ms=0.0223593743 ratio=1.27653885
pair full=0 round=25 baseline_ms=0.0176250032 hadamard_ms=0.0224583346 ratio=1.27423151
pair full=0 round=26 baseline_ms=0.0176822941 hadamard_ms=0.0225208278 ratio=1.27363721
pair full=0 round=27 baseline_ms=0.0175937457 hadamard_ms=0.0224843752 ratio=1.27797546
pair full=0 round=28 baseline_ms=0.0176354224 hadamard_ms=0.0223437528 ratio=1.26698143
pair full=0 round=29 baseline_ms=0.0176666654 hadamard_ms=0.0224374962 ratio=1.27004705
pair full=0 round=30 baseline_ms=0.0175260429 hadamard_ms=0.0223125026 ratio=1.27310555
pair full=0 round=31 baseline_ms=0.0176510366 hadamard_ms=0.0224843752 ratio=1.27382746
pair full=0 round=32 baseline_ms=0.0176770845 hadamard_ms=0.0225260374 ratio=1.27430727
pair full=0 round=33 baseline_ms=0.0175885361 hadamard_ms=0.0224687465 ratio=1.27746541
pair full=0 round=34 baseline_ms=0.017671875 hadamard_ms=0.022328124 ratio=1.26348359
pair full=0 round=35 baseline_ms=0.0177343754 hadamard_ms=0.0227499986 ratio=1.28281927
pair full=0 round=36 baseline_ms=0.0175520836 hadamard_ms=0.0221718728 ratio=1.26320461
pair full=0 round=37 baseline_ms=0.017624996 hadamard_ms=0.0224218747 ratio=1.2721634
pair full=0 round=38 baseline_ms=0.0177916663 hadamard_ms=0.022645836 ratio=1.2728339
pair full=0 round=39 baseline_ms=0.0176145841 hadamard_ms=0.0223489624 ratio=1.26877605
pair full=0 round=40 baseline_ms=0.0176979156 hadamard_ms=0.0222916642 ratio=1.25956439
pair full=0 round=41 baseline_ms=0.0176770773 hadamard_ms=0.022500004 ratio=1.27283508
pair full=0 round=42 baseline_ms=0.0177291658 hadamard_ms=0.0226041666 ratio=1.27497068
pair full=0 round=43 baseline_ms=0.0177604161 hadamard_ms=0.0222499948 ratio=1.25278567
pair full=0 round=44 baseline_ms=0.0175260429 hadamard_ms=0.0224062533 ratio=1.27845477
pair full=0 round=45 baseline_ms=0.0176145841 hadamard_ms=0.0225312542 ratio=1.27912496
pair full=0 round=46 baseline_ms=0.017593753 hadamard_ms=0.0222447852 ratio=1.26435703
pair full=0 round=47 baseline_ms=0.0175781242 hadamard_ms=0.0223385432 ratio=1.27081496
timing full=0 baseline_ms=0.017671875 hadamard_ms=0.0224062533 paired_overhead_pct=27.0843 samples=48
pair full=1 round=0 baseline_ms=0.295000034 hadamard_ms=0.306208327 ratio=1.03799421
pair full=1 round=1 baseline_ms=0.299375039 hadamard_ms=0.301958353 ratio=1.00862902
pair full=1 round=2 baseline_ms=0.29937498 hadamard_ms=0.302999979 ratio=1.01210856
pair full=1 round=3 baseline_ms=0.295249978 hadamard_ms=0.305583351 ratio=1.03499873
pair full=1 round=4 baseline_ms=0.295999984 hadamard_ms=0.30616665 ratio=1.03434685
pair full=1 round=5 baseline_ms=0.295333331 hadamard_ms=0.301999971 ratio=1.02257327
pair full=1 round=6 baseline_ms=0.296624959 hadamard_ms=0.302458298 ratio=1.0196657
pair full=1 round=7 baseline_ms=0.299708336 hadamard_ms=0.302250031 ratio=1.00848056
pair full=1 round=8 baseline_ms=0.296333339 hadamard_ms=0.305999944 ratio=1.03262071
pair full=1 round=9 baseline_ms=0.295458303 hadamard_ms=0.305499998 ratio=1.03398684
pair full=1 round=10 baseline_ms=0.295833335 hadamard_ms=0.302375003 ratio=1.02211268
pair full=1 round=11 baseline_ms=0.294583326 hadamard_ms=0.302958302 ratio=1.02842991
pair full=1 round=12 baseline_ms=0.295833335 hadamard_ms=0.307374983 ratio=1.03901402
pair full=1 round=13 baseline_ms=0.300458341 hadamard_ms=0.303249981 ratio=1.00929127
pair full=1 round=14 baseline_ms=0.294708356 hadamard_ms=0.304416695 ratio=1.03294219
pair full=1 round=15 baseline_ms=0.29562501 hadamard_ms=0.304541667 ratio=1.03016205
pair full=1 round=16 baseline_ms=0.295375008 hadamard_ms=0.305458321 ratio=1.03413733
pair full=1 round=17 baseline_ms=0.296291662 hadamard_ms=0.303125009 ratio=1.02306291
pair full=1 round=18 baseline_ms=0.29950001 hadamard_ms=0.303375011 ratio=1.01293823
pair full=1 round=19 baseline_ms=0.299916661 hadamard_ms=0.301999971 ratio=1.0069463
pair full=1 round=20 baseline_ms=0.299833366 hadamard_ms=0.303375011 ratio=1.01181204
pair full=1 round=21 baseline_ms=0.295416685 hadamard_ms=0.302958302 ratio=1.02552875
pair full=1 round=22 baseline_ms=0.299166655 hadamard_ms=0.307458336 ratio=1.02771593
pair full=1 round=23 baseline_ms=0.29962504 hadamard_ms=0.307458336 ratio=1.02614366
pair full=1 round=24 baseline_ms=0.295249978 hadamard_ms=0.306666654 ratio=1.03866783
pair full=1 round=25 baseline_ms=0.299125037 hadamard_ms=0.303499983 ratio=1.01462581
pair full=1 round=26 baseline_ms=0.299291685 hadamard_ms=0.30283333 ratio=1.01183342
pair full=1 round=27 baseline_ms=0.295375008 hadamard_ms=0.307624985 ratio=1.04147262
pair full=1 round=28 baseline_ms=0.29937498 hadamard_ms=0.302041648 ratio=1.00890745
pair full=1 round=29 baseline_ms=0.295875012 hadamard_ms=0.30449999 ratio=1.02915075
pair full=1 round=30 baseline_ms=0.29950001 hadamard_ms=0.303124951 ratio=1.01210331
pair full=1 round=31 baseline_ms=0.296583283 hadamard_ms=0.303375011 ratio=1.0228999
pair full=1 round=32 baseline_ms=0.295000034 hadamard_ms=0.303125009 ratio=1.02754228
pair full=1 round=33 baseline_ms=0.294875004 hadamard_ms=0.307291688 ratio=1.04210829
pair full=1 round=34 baseline_ms=0.295000034 hadamard_ms=0.30229165 ratio=1.02471734
pair full=1 round=35 baseline_ms=0.296625018 hadamard_ms=0.302250031 ratio=1.01896338
pair full=1 round=36 baseline_ms=0.299000007 hadamard_ms=0.305208378 ratio=1.02076378
pair full=1 round=37 baseline_ms=0.294833328 hadamard_ms=0.302499975 ratio=1.02600333
pair full=1 round=38 baseline_ms=0.295749982 hadamard_ms=0.303499983 ratio=1.02620457
pair full=1 round=39 baseline_ms=0.294916681 hadamard_ms=0.301333319 ratio=1.02175746
pair full=1 round=40 baseline_ms=0.299708277 hadamard_ms=0.307249953 ratio=1.02516339
pair full=1 round=41 baseline_ms=0.294250029 hadamard_ms=0.303375011 ratio=1.03101098
pair full=1 round=42 baseline_ms=0.299624982 hadamard_ms=0.306750007 ratio=1.02377981
pair full=1 round=43 baseline_ms=0.299291627 hadamard_ms=0.303625013 ratio=1.01447881
pair full=1 round=44 baseline_ms=0.298875035 hadamard_ms=0.306875037 ratio=1.02676705
pair full=1 round=45 baseline_ms=0.295666687 hadamard_ms=0.306791684 ratio=1.03762682
pair full=1 round=46 baseline_ms=0.299583364 hadamard_ms=0.306583359 ratio=1.02336577
pair full=1 round=47 baseline_ms=0.299458334 hadamard_ms=0.306916656 ratio=1.02490604
timing full=1 baseline_ms=0.296312501 hadamard_ms=0.303499983 paired_overhead_pct=2.50347 samples=48
correct=1
