resources variant=0 q_tg_bytes=16 k_tg_bytes=32 q_threads=1024 k_threads=1024
resources variant=1 q_tg_bytes=16 k_tg_bytes=32 q_threads=1024 k_threads=1024
attention_source_identical=1
quant_check variant=0 operand=0 max_int8_diff=1 scale_rel_diff=8.63884679e-08
quant_check variant=0 operand=1 max_int8_diff=0 scale_rel_diff=1.05686418e-07
quant_check variant=1 operand=0 max_int8_diff=0 scale_rel_diff=8.82464022e-08
quant_check variant=1 operand=1 max_int8_diff=0 scale_rel_diff=6.90146962e-08
attention_check variant=0 sampled_rel_l2=0.0100030384 max_abs=0.000189901959
attention_check variant=1 sampled_rel_l2=0.0107916357 max_abs=0.000229412977
case device=Apple M5 Max R=1 C=4097 D=64 B=1 Hq=32 Hk=8 precision=0 causal=1 dynamic=3 distribution=0 varlen=0 quant_only=0 hadamard_block=64
pair full=0 round=0 baseline_ms=0.00736458605 hadamard_ms=0.011739583 ratio=1.59405877
pair full=0 round=1 baseline_ms=0.00735937647 hadamard_ms=0.0116562514 ratio=1.583864
pair full=0 round=2 baseline_ms=0.00742186967 hadamard_ms=0.0116250012 ratio=1.56631708
pair full=0 round=3 baseline_ms=0.00738541712 hadamard_ms=0.0117968739 ratio=1.59731992
pair full=0 round=4 baseline_ms=0.00742187694 hadamard_ms=0.01164063 ratio=1.56842131
pair full=0 round=5 baseline_ms=0.00740624819 hadamard_ms=0.0116510419 ratio=1.57313684
pair full=0 round=6 baseline_ms=0.00742187694 hadamard_ms=0.0117656309 ratio=1.58526354
pair full=0 round=7 baseline_ms=0.00746875594 hadamard_ms=0.011661461 ratio=1.56136593
pair full=0 round=8 baseline_ms=0.00745312718 hadamard_ms=0.0115781222 ratio=1.55345829
pair full=0 round=9 baseline_ms=0.00739061943 hadamard_ms=0.0118541648 ratio=1.60394739
pair full=0 round=10 baseline_ms=0.0074010386 hadamard_ms=0.0117968739 ratio=1.59394843
pair full=0 round=11 baseline_ms=0.0074479176 hadamard_ms=0.01164063 ratio=1.56293753
pair full=0 round=12 baseline_ms=0.00740624819 hadamard_ms=0.0115781295 ratio=1.56329213
pair full=0 round=13 baseline_ms=0.0074375057 hadamard_ms=0.0117031304 ratio=1.57352894
pair full=0 round=14 baseline_ms=0.00740624819 hadamard_ms=0.0117812524 ratio=1.59071801
pair full=0 round=15 baseline_ms=0.00745312718 hadamard_ms=0.0117708332 ratio=1.57931469
pair full=0 round=16 baseline_ms=0.00742187694 hadamard_ms=0.0117500022 ratio=1.58315777
pair full=0 round=17 baseline_ms=0.00741666736 hadamard_ms=0.0116093725 ratio=1.5653085
pair full=0 round=18 baseline_ms=0.00743228884 hadamard_ms=0.0115624935 ratio=1.55571099
pair full=0 round=19 baseline_ms=0.00745832949 hadamard_ms=0.0116927113 ratio=1.56773863
pair full=0 round=20 baseline_ms=0.00745311991 hadamard_ms=0.0115989606 ratio=1.55625573
pair full=0 round=21 baseline_ms=0.00741666736 hadamard_ms=0.0116302108 ratio=1.56811816
pair full=0 round=22 baseline_ms=0.00737499795 hadamard_ms=0.0117291638 ratio=1.59039554
pair full=0 round=23 baseline_ms=0.00736457878 hadamard_ms=0.0116770898 ratio=1.5855747
pair full=0 round=24 baseline_ms=0.00740625546 hadamard_ms=0.0115572911 ratio=1.56047698
pair full=0 round=25 baseline_ms=0.00741666736 hadamard_ms=0.011593751 ratio=1.56320223
pair full=0 round=26 baseline_ms=0.00741666736 hadamard_ms=0.011593751 ratio=1.56320223
pair full=0 round=27 baseline_ms=0.0073489573 hadamard_ms=0.0115781222 ratio=1.57547823
pair full=0 round=28 baseline_ms=0.00733333582 hadamard_ms=0.0115572911 ratio=1.57599371
pair full=0 round=29 baseline_ms=0.00735937647 hadamard_ms=0.0115520888 ratio=1.56971027
pair full=0 round=30 baseline_ms=0.105656247 hadamard_ms=0.0116875017 ratio=0.110618179
pair full=0 round=31 baseline_ms=0.00736978836 hadamard_ms=0.0115781295 ratio=1.57102605
pair full=0 round=32 baseline_ms=0.00732291664 hadamard_ms=0.0117916643 ratio=1.6102415
pair full=0 round=33 baseline_ms=0.00737499795 hadamard_ms=0.0116458323 ratio=1.57909634
pair full=0 round=34 baseline_ms=0.00733332854 hadamard_ms=0.0117656236 ratio=1.60440427
pair full=0 round=35 baseline_ms=0.0074375057 hadamard_ms=0.0116302035 ratio=1.56372364
pair full=0 round=36 baseline_ms=0.00735937647 hadamard_ms=0.0116562514 ratio=1.583864
pair full=0 round=37 baseline_ms=0.00736978836 hadamard_ms=0.0117291711 ratio=1.59152075
pair full=0 round=38 baseline_ms=0.00737499795 hadamard_ms=0.0116562442 ratio=1.58050812
pair full=0 round=39 baseline_ms=0.00741666736 hadamard_ms=0.0115625007 ratio=1.55898872
pair full=0 round=40 baseline_ms=0.00730208558 hadamard_ms=0.0117187519 ratio=1.60484998
pair full=0 round=41 baseline_ms=0.0073020783 hadamard_ms=0.0115989606 ratio=1.58844648
pair full=0 round=42 baseline_ms=0.00734375499 hadamard_ms=0.0116093797 ratio=1.58085063
pair full=0 round=43 baseline_ms=0.00735937647 hadamard_ms=0.011593751 ratio=1.57537137
pair full=0 round=44 baseline_ms=0.00735937647 hadamard_ms=0.0117656236 ratio=1.59872561
pair full=0 round=45 baseline_ms=0.00737500523 hadamard_ms=0.0116250012 ratio=1.57627023
pair full=0 round=46 baseline_ms=0.00768229074 hadamard_ms=0.0151614586 ratio=1.97355959
pair full=0 round=47 baseline_ms=0.00934375566 hadamard_ms=0.0151302083 ratio=1.61928553
timing full=0 baseline_ms=0.00740624819 hadamard_ms=0.011653643 paired_overhead_pct=57.6132 samples=48
pair full=1 round=0 baseline_ms=0.174958317 hadamard_ms=0.179666677 ratio=1.02691132
pair full=1 round=1 baseline_ms=0.174166693 hadamard_ms=0.178541639 ratio=1.0251193
pair full=1 round=2 baseline_ms=0.174583343 hadamard_ms=0.178499962 ratio=1.02243409
pair full=1 round=3 baseline_ms=0.174291665 hadamard_ms=0.17837499 ratio=1.02342812
pair full=1 round=4 baseline_ms=0.17449999 hadamard_ms=0.178000017 ratio=1.02005746
pair full=1 round=5 baseline_ms=0.174458371 hadamard_ms=0.178750022 ratio=1.02459986
pair full=1 round=6 baseline_ms=0.174375018 hadamard_ms=0.178791641 ratio=1.0253283
pair full=1 round=7 baseline_ms=0.174333341 hadamard_ms=0.178666669 ratio=1.02485656
pair full=1 round=8 baseline_ms=0.174125016 hadamard_ms=0.178708346 ratio=1.02632206
pair full=1 round=9 baseline_ms=0.174375018 hadamard_ms=0.178958348 ratio=1.02628432
pair full=1 round=10 baseline_ms=0.174541667 hadamard_ms=0.178125047 ratio=1.02053023
pair full=1 round=11 baseline_ms=0.175791676 hadamard_ms=0.178458344 ratio=1.01516948
pair full=1 round=12 baseline_ms=0.174166693 hadamard_ms=0.178041693 ratio=1.0222488
pair full=1 round=13 baseline_ms=0.174833345 hadamard_ms=0.179500028 ratio=1.02669218
pair full=1 round=14 baseline_ms=0.173999986 hadamard_ms=0.179291645 ratio=1.03041183
pair full=1 round=15 baseline_ms=0.173916633 hadamard_ms=0.178250019 ratio=1.02491645
pair full=1 round=16 baseline_ms=0.173791661 hadamard_ms=0.178624992 ratio=1.02781107
pair full=1 round=17 baseline_ms=0.186749967 hadamard_ms=0.178874994 ratio=0.957831464
pair full=1 round=18 baseline_ms=0.175249996 hadamard_ms=0.178499962 ratio=1.01854475
pair full=1 round=19 baseline_ms=0.174249988 hadamard_ms=0.178416667 ratio=1.02391208
pair full=1 round=20 baseline_ms=0.174874964 hadamard_ms=0.178749964 ratio=1.02215869
pair full=1 round=21 baseline_ms=0.174916699 hadamard_ms=0.178874994 ratio=1.0226296
pair full=1 round=22 baseline_ms=0.174541667 hadamard_ms=0.178541697 ratio=1.02291734
pair full=1 round=23 baseline_ms=0.180791656 hadamard_ms=0.177999958 ratio=0.984558482
pair full=1 round=24 baseline_ms=0.173499982 hadamard_ms=0.178874994 ratio=1.0309799
pair full=1 round=25 baseline_ms=0.174249988 hadamard_ms=0.179708353 ratio=1.03132491
pair full=1 round=26 baseline_ms=0.174416695 hadamard_ms=0.178708346 ratio=1.02460573
pair full=1 round=27 baseline_ms=0.174291665 hadamard_ms=0.17850002 ratio=1.02414548
pair full=1 round=28 baseline_ms=0.17491664 hadamard_ms=0.178333314 ratio=1.01953315
pair full=1 round=29 baseline_ms=0.174249988 hadamard_ms=0.178874994 ratio=1.02654236
pair full=1 round=30 baseline_ms=0.174333283 hadamard_ms=0.179000024 ratio=1.02676908
pair full=1 round=31 baseline_ms=0.174249988 hadamard_ms=0.178624992 ratio=1.02510763
pair full=1 round=32 baseline_ms=0.173833338 hadamard_ms=0.178499962 ratio=1.02684539
pair full=1 round=33 baseline_ms=0.173708308 hadamard_ms=0.178124988 ratio=1.02542585
pair full=1 round=34 baseline_ms=0.174249988 hadamard_ms=0.178833376 ratio=1.02630352
pair full=1 round=35 baseline_ms=0.174208311 hadamard_ms=0.178624992 ratio=1.02535287
pair full=1 round=36 baseline_ms=0.174291665 hadamard_ms=0.17824996 ratio=1.02271076
pair full=1 round=37 baseline_ms=0.173875014 hadamard_ms=0.177791691 ratio=1.02252582
pair full=1 round=38 baseline_ms=0.173541659 hadamard_ms=0.178708346 ratio=1.02977202
pair full=1 round=39 baseline_ms=0.173708366 hadamard_ms=0.178666669 ratio=1.02854384
pair full=1 round=40 baseline_ms=0.173499982 hadamard_ms=0.178250019 ratio=1.02737773
pair full=1 round=41 baseline_ms=0.17449999 hadamard_ms=0.179083319 ratio=1.0262655
pair full=1 round=42 baseline_ms=0.174250046 hadamard_ms=0.17850002 ratio=1.02439009
pair full=1 round=43 baseline_ms=0.173875014 hadamard_ms=0.17850002 ratio=1.0265996
pair full=1 round=44 baseline_ms=0.173708308 hadamard_ms=0.18683332 ratio=1.07555777
pair full=1 round=45 baseline_ms=0.174375018 hadamard_ms=0.180625007 ratio=1.03584223
pair full=1 round=46 baseline_ms=0.173833338 hadamard_ms=0.179250026 ratio=1.03116024
pair full=1 round=47 baseline_ms=0.173749984 hadamard_ms=0.178458344 ratio=1.02709847
timing full=1 baseline_ms=0.174270855 hadamard_ms=0.178624992 paired_overhead_pct=2.52238 samples=48
correct=1
