resources variant=0 q_tg_bytes=16 k_tg_bytes=32 q_threads=1024 k_threads=1024
resources variant=1 q_tg_bytes=16 k_tg_bytes=32 q_threads=1024 k_threads=1024
attention_source_identical=1
quant_check variant=0 operand=0 max_int8_diff=1 scale_rel_diff=8.63884679e-08
quant_check variant=0 operand=1 max_int8_diff=1 scale_rel_diff=0
quant_check variant=1 operand=0 max_int8_diff=0 scale_rel_diff=9.55592867e-08
quant_check variant=1 operand=1 max_int8_diff=0 scale_rel_diff=0
attention_check variant=0 sampled_rel_l2=0.0106275611 max_abs=0.000267770033
attention_check variant=1 sampled_rel_l2=0.0106199401 max_abs=0.000229804769
case device=Apple M5 Max R=1 C=4097 D=80 B=1 Hq=32 Hk=8 precision=0 causal=1 dynamic=3 distribution=0 varlen=0 quant_only=0 hadamard_block=16
pair full=0 round=0 baseline_ms=0.0105156214 hadamard_ms=0.0145000013 ratio=1.37890104
pair full=0 round=1 baseline_ms=0.0110468754 hadamard_ms=0.0144062506 ratio=1.30410184
pair full=0 round=2 baseline_ms=0.0119270844 hadamard_ms=0.0144062506 ratio=1.2078602
pair full=0 round=3 baseline_ms=0.0105937506 hadamard_ms=0.0147812534 ratio=1.39528048
pair full=0 round=4 baseline_ms=0.0104843784 hadamard_ms=0.01444792 ratio=1.37804259
pair full=0 round=5 baseline_ms=0.0105937506 hadamard_ms=0.0145156228 ratio=1.3702062
pair full=0 round=6 baseline_ms=0.0105937434 hadamard_ms=0.0152552093 ratio=1.44002066
pair full=0 round=7 baseline_ms=0.0105364597 hadamard_ms=0.0145208323 ratio=1.37815098
pair full=0 round=8 baseline_ms=0.0105468716 hadamard_ms=0.0145572922 ratio=1.3802474
pair full=0 round=9 baseline_ms=0.010374999 hadamard_ms=0.0145156228 ratio=1.39909631
pair full=0 round=10 baseline_ms=0.0104635401 hadamard_ms=0.0142656281 ratio=1.36336536
pair full=0 round=11 baseline_ms=0.0104062492 hadamard_ms=0.0145677041 ratio=1.3998996
pair full=0 round=12 baseline_ms=0.0104687497 hadamard_ms=0.0147447863 ratio=1.40845724
pair full=0 round=13 baseline_ms=0.0104322899 hadamard_ms=0.0142604185 ratio=1.36694999
pair full=0 round=14 baseline_ms=0.01039583 hadamard_ms=0.0144531296 ratio=1.39028144
pair full=0 round=15 baseline_ms=0.0106406296 hadamard_ms=0.0147500032 ratio=1.38619647
pair full=0 round=16 baseline_ms=0.0105937506 hadamard_ms=0.0146718739 ratio=1.38495557
pair full=0 round=17 baseline_ms=0.010421878 hadamard_ms=0.0147187457 ratio=1.41229304
pair full=0 round=18 baseline_ms=0.0105520885 hadamard_ms=0.0144375008 ratio=1.36821263
pair full=0 round=19 baseline_ms=0.0106093721 hadamard_ms=0.0146406237 ratio=1.3799708
pair full=0 round=20 baseline_ms=0.0104999999 hadamard_ms=0.0145000013 ratio=1.38095251
pair full=0 round=21 baseline_ms=0.0105468789 hadamard_ms=0.0144531296 ratio=1.37037029
pair full=0 round=22 baseline_ms=0.0105625004 hadamard_ms=0.014546873 ratio=1.37721869
pair full=0 round=23 baseline_ms=0.0106250009 hadamard_ms=0.0146093735 ratio=1.37499974
pair full=0 round=24 baseline_ms=0.0106614534 hadamard_ms=0.0145781232 ratio=1.36736734
pair full=0 round=25 baseline_ms=0.0106041625 hadamard_ms=0.0145625017 ratio=1.37328164
pair full=0 round=26 baseline_ms=0.0106093721 hadamard_ms=0.0144114601 ratio=1.35837069
pair full=0 round=27 baseline_ms=0.0105989602 hadamard_ms=0.0143281213 ratio=1.35184216
pair full=0 round=28 baseline_ms=0.0104999999 hadamard_ms=0.0144791702 ratio=1.3789686
pair full=0 round=29 baseline_ms=0.0105625004 hadamard_ms=0.0144635414 ratio=1.36932932
pair full=0 round=30 baseline_ms=0.0105208383 hadamard_ms=0.0144895821 ratio=1.37722696
pair full=0 round=31 baseline_ms=0.0105156214 hadamard_ms=0.0144531223 ratio=1.37444301
pair full=0 round=32 baseline_ms=0.0104999999 hadamard_ms=0.0145000013 ratio=1.38095251
pair full=0 round=33 baseline_ms=0.0227812488 hadamard_ms=0.0144895821 ratio=0.636031071
pair full=0 round=34 baseline_ms=0.0105468716 hadamard_ms=0.0147604151 ratio=1.39950647
pair full=0 round=35 baseline_ms=0.0104999999 hadamard_ms=0.0146666644 ratio=1.39682519
pair full=0 round=36 baseline_ms=0.0104843712 hadamard_ms=0.0147343744 ratio=1.40536559
pair full=0 round=37 baseline_ms=0.0105937506 hadamard_ms=0.0146302045 ratio=1.38102217
pair full=0 round=38 baseline_ms=0.0105468789 hadamard_ms=0.0146666644 ratio=1.39061655
pair full=0 round=39 baseline_ms=0.0105468789 hadamard_ms=0.0147656247 ratio=1.39999945
pair full=0 round=40 baseline_ms=0.0104375067 hadamard_ms=0.0145624945 ratio=1.39520815
pair full=0 round=41 baseline_ms=0.0103958373 hadamard_ms=0.0145156228 ratio=1.39629184
pair full=0 round=42 baseline_ms=0.0104114588 hadamard_ms=0.0183958327 ratio=1.76688331
pair full=0 round=43 baseline_ms=0.010520831 hadamard_ms=0.0145781232 ratio=1.38564371
pair full=0 round=44 baseline_ms=0.0105312502 hadamard_ms=0.0147239552 ratio=1.39812036
pair full=0 round=45 baseline_ms=0.0105156287 hadamard_ms=0.0146302045 ratio=1.39128197
pair full=0 round=46 baseline_ms=0.0105625004 hadamard_ms=0.0146302118 ratio=1.38510876
pair full=0 round=47 baseline_ms=0.0104687497 hadamard_ms=0.0143593716 ratio=1.3716415
timing full=0 baseline_ms=0.0105416657 hadamard_ms=0.0145520826 paired_overhead_pct=38.06 samples=48
pair full=1 round=0 baseline_ms=0.215124979 hadamard_ms=0.222041679 ratio=1.03215201
pair full=1 round=1 baseline_ms=0.214750005 hadamard_ms=0.22162497 ratio=1.03201381
pair full=1 round=2 baseline_ms=0.248749973 hadamard_ms=0.220124959 ratio=0.884924554
pair full=1 round=3 baseline_ms=0.214500003 hadamard_ms=0.22162497 ratio=1.03321663
pair full=1 round=4 baseline_ms=0.214500003 hadamard_ms=0.220833288 ratio=1.0295258
pair full=1 round=5 baseline_ms=0.214750005 hadamard_ms=0.222624978 ratio=1.03667042
pair full=1 round=6 baseline_ms=0.215333363 hadamard_ms=0.222250004 ratio=1.03212062
pair full=1 round=7 baseline_ms=0.214583357 hadamard_ms=0.219958369 ratio=1.0250486
pair full=1 round=8 baseline_ms=0.214375032 hadamard_ms=0.220999995 ratio=1.03090361
pair full=1 round=9 baseline_ms=0.214208325 hadamard_ms=0.221125025 ratio=1.03228959
pair full=1 round=10 baseline_ms=0.215374981 hadamard_ms=0.219791662 ratio=1.02050694
pair full=1 round=11 baseline_ms=0.213791616 hadamard_ms=0.220875023 ratio=1.03313229
pair full=1 round=12 baseline_ms=0.215291686 hadamard_ms=0.220625021 ratio=1.0247726
pair full=1 round=13 baseline_ms=0.215375039 hadamard_ms=0.220916641 ratio=1.02573001
pair full=1 round=14 baseline_ms=0.214 hadamard_ms=0.220000045 ratio=1.0280376
pair full=1 round=15 baseline_ms=0.214750005 hadamard_ms=0.219916634 ratio=1.0240588
pair full=1 round=16 baseline_ms=0.214500003 hadamard_ms=0.221541675 ratio=1.03282831
pair full=1 round=17 baseline_ms=0.214583299 hadamard_ms=0.222041679 ratio=1.03475751
pair full=1 round=18 baseline_ms=0.215458334 hadamard_ms=0.220708374 ratio=1.02436685
pair full=1 round=19 baseline_ms=0.214625034 hadamard_ms=0.220999995 ratio=1.02970279
pair full=1 round=20 baseline_ms=0.217000023 hadamard_ms=0.220999995 ratio=1.01843305
pair full=1 round=21 baseline_ms=0.213916705 hadamard_ms=0.220374961 ratio=1.03019052
pair full=1 round=22 baseline_ms=0.215249951 hadamard_ms=0.219999987 ratio=1.02206754
pair full=1 round=23 baseline_ms=0.213708379 hadamard_ms=0.220375019 ratio=1.03119503
pair full=1 round=24 baseline_ms=0.214416708 hadamard_ms=0.221791677 ratio=1.0343955
pair full=1 round=25 baseline_ms=0.214624975 hadamard_ms=0.22066664 ratio=1.02814987
pair full=1 round=26 baseline_ms=0.215124979 hadamard_ms=0.221791677 ratio=1.03098988
pair full=1 round=27 baseline_ms=0.214750005 hadamard_ms=0.221875031 ratio=1.03317823
pair full=1 round=28 baseline_ms=0.214833301 hadamard_ms=0.220499991 ratio=1.02637715
pair full=1 round=29 baseline_ms=0.215208333 hadamard_ms=0.221375027 ratio=1.02865453
pair full=1 round=30 baseline_ms=0.214583357 hadamard_ms=0.221333292 ratio=1.031456
pair full=1 round=31 baseline_ms=0.214875035 hadamard_ms=0.221499999 ratio=1.0308317
pair full=1 round=32 baseline_ms=0.214458385 hadamard_ms=0.220833346 ratio=1.02972587
pair full=1 round=33 baseline_ms=0.214 hadamard_ms=0.221083348 ratio=1.03309976
pair full=1 round=34 baseline_ms=0.214375032 hadamard_ms=0.220250047 ratio=1.02740532
pair full=1 round=35 baseline_ms=0.214250002 hadamard_ms=0.222999952 ratio=1.04083991
pair full=1 round=36 baseline_ms=0.214833301 hadamard_ms=0.219916634 ratio=1.02366176
pair full=1 round=37 baseline_ms=0.214541622 hadamard_ms=0.220708374 ratio=1.02874385
pair full=1 round=38 baseline_ms=0.214166648 hadamard_ms=0.220458314 ratio=1.02937743
pair full=1 round=39 baseline_ms=0.215583364 hadamard_ms=0.22066664 ratio=1.02357916
pair full=1 round=40 baseline_ms=0.214333355 hadamard_ms=0.22066664 ratio=1.02954876
pair full=1 round=41 baseline_ms=0.214375032 hadamard_ms=0.219875015 ratio=1.0256559
pair full=1 round=42 baseline_ms=0.214 hadamard_ms=0.220749993 ratio=1.03154202
pair full=1 round=43 baseline_ms=0.214041676 hadamard_ms=0.220125017 ratio=1.02842129
pair full=1 round=44 baseline_ms=0.214874977 hadamard_ms=0.219375012 ratio=1.02094257
pair full=1 round=45 baseline_ms=0.21566666 hadamard_ms=0.219916634 ratio=1.01970622
pair full=1 round=46 baseline_ms=0.21387497 hadamard_ms=0.220708316 ratio=1.03195019
pair full=1 round=47 baseline_ms=0.214666652 hadamard_ms=0.220333342 ratio=1.02639763
timing full=1 baseline_ms=0.214604166 hadamard_ms=0.220729184 paired_overhead_pct=2.95373 samples=48
correct=1
