resources variant=0 q_tg_bytes=16 k_tg_bytes=32 q_threads=1024 k_threads=1024
resources variant=1 q_tg_bytes=16 k_tg_bytes=32 q_threads=1024 k_threads=1024
attention_source_identical=1
quant_check variant=0 operand=0 max_int8_diff=0 scale_rel_diff=1.0587118e-07
quant_check variant=0 operand=1 max_int8_diff=1 scale_rel_diff=1.18858324e-07
quant_check variant=1 operand=0 max_int8_diff=1 scale_rel_diff=1.13384814e-07
quant_check variant=1 operand=1 max_int8_diff=1 scale_rel_diff=8.88475498e-08
attention_check variant=0 sampled_rel_l2=0.0228425342 max_abs=0.0218521533
attention_check variant=1 sampled_rel_l2=0.0123980835 max_abs=0.0137770958
case device=Apple M5 Max R=4096 C=4096 D=64 B=1 Hq=24 Hk=24 precision=0 causal=0 dynamic=0 distribution=1 varlen=0 quant_only=0 hadamard_block=64
pair full=0 round=0 baseline_ms=0.0434687536 hadamard_ms=0.0510729151 ratio=1.17493397
pair full=0 round=1 baseline_ms=0.0435468755 hadamard_ms=0.051052084 ratio=1.17234781
pair full=0 round=2 baseline_ms=0.0435781258 hadamard_ms=0.0509375022 ratio=1.16887776
pair full=0 round=3 baseline_ms=0.0434739559 hadamard_ms=0.0508750018 ratio=1.17024091
pair full=0 round=4 baseline_ms=0.0433750029 hadamard_ms=0.0510104219 ratio=1.1760327
pair full=0 round=5 baseline_ms=0.0432656234 hadamard_ms=0.0510364553 ratio=1.17960753
pair full=0 round=6 baseline_ms=0.0438124989 hadamard_ms=0.0507968725 ratio=1.15941509
pair full=0 round=7 baseline_ms=0.0435156253 hadamard_ms=0.050937495 ratio=1.17055643
pair full=0 round=8 baseline_ms=0.0434218746 hadamard_ms=0.0509583333 ratio=1.17356364
pair full=0 round=9 baseline_ms=0.0434687536 hadamard_ms=0.0509999954 ratio=1.17325645
pair full=0 round=10 baseline_ms=0.0433645837 hadamard_ms=0.0509531237 ratio=1.17499396
pair full=0 round=11 baseline_ms=0.0432447923 hadamard_ms=0.0510937462 ratio=1.18150056
pair full=0 round=12 baseline_ms=0.0433906243 hadamard_ms=0.051052084 ratio=1.17656947
pair full=0 round=13 baseline_ms=0.0434531248 hadamard_ms=0.0509218735 ratio=1.17188059
pair full=0 round=14 baseline_ms=0.0432239613 hadamard_ms=0.0511249964 ratio=1.18279294
pair full=0 round=15 baseline_ms=0.0435781258 hadamard_ms=0.0511458347 ratio=1.17365843
pair full=0 round=16 baseline_ms=0.0437656199 hadamard_ms=0.0509895835 ratio=1.16506024
pair full=0 round=17 baseline_ms=0.0433437526 hadamard_ms=0.0511510443 ratio=1.18012496
pair full=0 round=18 baseline_ms=0.0434322938 hadamard_ms=0.0509895835 ratio=1.17400163
pair full=0 round=19 baseline_ms=0.0486874997 hadamard_ms=0.0510937534 ratio=1.04942241
pair full=0 round=20 baseline_ms=0.0434687536 hadamard_ms=0.0511093749 ratio=1.17577273
pair full=0 round=21 baseline_ms=0.0437708368 hadamard_ms=0.0509583333 ratio=1.16420743
pair full=0 round=22 baseline_ms=0.0434739559 hadamard_ms=0.0510625032 ratio=1.17455387
pair full=0 round=23 baseline_ms=0.0434114627 hadamard_ms=0.0509895835 ratio=1.17456497
pair full=0 round=24 baseline_ms=0.043609376 hadamard_ms=0.0510572936 ratio=1.17078707
pair full=0 round=25 baseline_ms=0.0436666669 hadamard_ms=0.050953131 ratio=1.16686559
pair full=0 round=26 baseline_ms=0.0433541645 hadamard_ms=0.0511927065 ratio=1.18080251
pair full=0 round=27 baseline_ms=0.0434583344 hadamard_ms=0.0509687452 ratio=1.17281865
pair full=0 round=28 baseline_ms=0.0433802052 hadamard_ms=0.0510729151 ratio=1.17733226
pair full=0 round=29 baseline_ms=0.0434375033 hadamard_ms=0.0509843812 ratio=1.17374106
pair full=0 round=30 baseline_ms=0.0432656307 hadamard_ms=0.0510156242 ratio=1.17912587
pair full=0 round=31 baseline_ms=0.0435156253 hadamard_ms=0.051005205 ratio=1.17211242
pair full=0 round=32 baseline_ms=0.0437447889 hadamard_ms=0.050984374 ratio=1.16549594
pair full=0 round=33 baseline_ms=0.0433906243 hadamard_ms=0.0509791716 ratio=1.1748891
pair full=0 round=34 baseline_ms=0.0433020832 hadamard_ms=0.0510468744 ratio=1.17885493
pair full=0 round=35 baseline_ms=0.0437708368 hadamard_ms=0.0512343686 ratio=1.1705138
pair full=0 round=36 baseline_ms=0.0433749956 hadamard_ms=0.0509479141 ratio=1.1745918
pair full=0 round=37 baseline_ms=0.0433489622 hadamard_ms=0.0509479214 ratio=1.17529737
pair full=0 round=38 baseline_ms=0.0435156253 hadamard_ms=0.0510260434 ratio=1.17259129
pair full=0 round=39 baseline_ms=0.0434427056 hadamard_ms=0.0509583333 ratio=1.17300091
pair full=0 round=40 baseline_ms=0.043463544 hadamard_ms=0.0511197941 ratio=1.17615338
pair full=0 round=41 baseline_ms=0.0436927075 hadamard_ms=0.0510156242 ratio=1.16760043
pair full=0 round=42 baseline_ms=0.0434322938 hadamard_ms=0.0510364553 ratio=1.17508082
pair full=0 round=43 baseline_ms=0.0434687463 hadamard_ms=0.050984374 ratio=1.17289727
pair full=0 round=44 baseline_ms=0.0433593741 hadamard_ms=0.0509687525 ratio=1.17549558
pair full=0 round=45 baseline_ms=0.043609376 hadamard_ms=0.0510156242 ratio=1.16983156
pair full=0 round=46 baseline_ms=0.0432395827 hadamard_ms=0.0510312457 ratio=1.18019746
pair full=0 round=47 baseline_ms=0.0437656199 hadamard_ms=0.0509687452 ratio=1.1645841
timing full=0 baseline_ms=0.0434609392 hadamard_ms=0.0510078135 paired_overhead_pct=17.37 samples=48
pair full=1 round=0 baseline_ms=1.395375 hadamard_ms=1.39762496 ratio=1.00161244
pair full=1 round=1 baseline_ms=1.39733328 hadamard_ms=1.39966665 ratio=1.00166987
pair full=1 round=2 baseline_ms=1.39558333 hadamard_ms=1.39970833 ratio=1.00295575
pair full=1 round=3 baseline_ms=1.39541668 hadamard_ms=1.39808335 ratio=1.00191102
pair full=1 round=4 baseline_ms=1.3954583 hadamard_ms=1.39741669 ratio=1.00140341
pair full=1 round=5 baseline_ms=1.39358331 hadamard_ms=1.39883335 ratio=1.0037673
pair full=1 round=6 baseline_ms=1.39779167 hadamard_ms=1.39937503 ratio=1.00113276
pair full=1 round=7 baseline_ms=1.39416667 hadamard_ms=1.40050001 ratio=1.00454274
pair full=1 round=8 baseline_ms=1.3995 hadamard_ms=1.40549999 ratio=1.00428724
pair full=1 round=9 baseline_ms=1.39833335 hadamard_ms=1.40025001 ratio=1.00137068
pair full=1 round=10 baseline_ms=1.40387501 hadamard_ms=1.406 ratio=1.00151366
pair full=1 round=11 baseline_ms=1.39524997 hadamard_ms=1.39837503 ratio=1.00223978
pair full=1 round=12 baseline_ms=1.39649998 hadamard_ms=1.39975001 ratio=1.00232726
pair full=1 round=13 baseline_ms=2.00187496 hadamard_ms=1.40183332 ratio=0.700260177
pair full=1 round=14 baseline_ms=1.39412505 hadamard_ms=1.40054163 ratio=1.00460259
pair full=1 round=15 baseline_ms=1.39600004 hadamard_ms=1.39916665 ratio=1.00226835
pair full=1 round=16 baseline_ms=1.39466667 hadamard_ms=1.40062498 ratio=1.00427221
pair full=1 round=17 baseline_ms=1.39466667 hadamard_ms=1.3986667 ratio=1.00286809
pair full=1 round=18 baseline_ms=1.40245835 hadamard_ms=1.40645832 ratio=1.00285211
pair full=1 round=19 baseline_ms=1.394875 hadamard_ms=1.40162499 ratio=1.00483914
pair full=1 round=20 baseline_ms=1.39733334 hadamard_ms=1.39749999 ratio=1.00011926
pair full=1 round=21 baseline_ms=1.39879168 hadamard_ms=1.39812502 ratio=0.999523408
pair full=1 round=22 baseline_ms=1.41174998 hadamard_ms=1.40200002 ratio=0.993093708
pair full=1 round=23 baseline_ms=1.46850001 hadamard_ms=1.40062498 ratio=0.953779352
pair full=1 round=24 baseline_ms=1.39975001 hadamard_ms=1.39975001 ratio=1
pair full=1 round=25 baseline_ms=1.39362499 hadamard_ms=1.40033336 ratio=1.00481362
pair full=1 round=26 baseline_ms=1.395625 hadamard_ms=1.40225003 ratio=1.00474699
pair full=1 round=27 baseline_ms=1.39670837 hadamard_ms=1.39975001 ratio=1.00217772
pair full=1 round=28 baseline_ms=1.39712496 hadamard_ms=1.42883335 ratio=1.02269546
pair full=1 round=29 baseline_ms=1.40537502 hadamard_ms=1.39916665 ratio=0.99558241
pair full=1 round=30 baseline_ms=1.40449998 hadamard_ms=1.3985 ratio=0.995728026
pair full=1 round=31 baseline_ms=1.39275001 hadamard_ms=1.39670831 ratio=1.00284207
pair full=1 round=32 baseline_ms=1.39400002 hadamard_ms=1.40066666 ratio=1.00478238
pair full=1 round=33 baseline_ms=1.3995833 hadamard_ms=1.39912497 ratio=0.999672526
pair full=1 round=34 baseline_ms=2.00437504 hadamard_ms=1.39733334 ratio=0.697141659
pair full=1 round=35 baseline_ms=1.39312499 hadamard_ms=1.39758334 ratio=1.00320026
pair full=1 round=36 baseline_ms=1.39287498 hadamard_ms=1.39620836 ratio=1.00239316
pair full=1 round=37 baseline_ms=1.39387499 hadamard_ms=1.402625 ratio=1.00627747
pair full=1 round=38 baseline_ms=1.40029169 hadamard_ms=1.4000833 ratio=0.999851186
pair full=1 round=39 baseline_ms=1.39724999 hadamard_ms=1.50045828 ratio=1.0738653
pair full=1 round=40 baseline_ms=1.39854167 hadamard_ms=1.40075001 ratio=1.00157903
pair full=1 round=41 baseline_ms=1.39812496 hadamard_ms=1.39687501 ratio=0.99910598
pair full=1 round=42 baseline_ms=1.39883329 hadamard_ms=1.39929168 ratio=1.00032769
pair full=1 round=43 baseline_ms=1.395625 hadamard_ms=1.39895832 ratio=1.00238841
pair full=1 round=44 baseline_ms=1.395625 hadamard_ms=1.40054163 ratio=1.00352289
pair full=1 round=45 baseline_ms=1.39362499 hadamard_ms=1.39812502 ratio=1.00322901
pair full=1 round=46 baseline_ms=1.39329163 hadamard_ms=1.39779167 ratio=1.00322979
pair full=1 round=47 baseline_ms=1.39429164 hadamard_ms=1.39854167 ratio=1.00304817
timing full=1 baseline_ms=1.39625001 hadamard_ms=1.39968749 paired_overhead_pct=0.229781 samples=48
correct=1
