resources variant=0 q_tg_bytes=16 k_tg_bytes=32 q_threads=1024 k_threads=1024
resources variant=1 q_tg_bytes=16 k_tg_bytes=32 q_threads=1024 k_threads=1024
attention_source_identical=1
quant_check variant=0 operand=0 max_int8_diff=0 scale_rel_diff=1.0587118e-07
quant_check variant=0 operand=1 max_int8_diff=0 scale_rel_diff=1.19092064e-07
quant_check variant=1 operand=0 max_int8_diff=0 scale_rel_diff=8.24655402e-08
quant_check variant=1 operand=1 max_int8_diff=1 scale_rel_diff=9.06800892e-08
attention_check variant=0 sampled_rel_l2=0.0466316248 max_abs=0.0120541482
attention_check variant=1 sampled_rel_l2=0.0393805448 max_abs=0.0105813481
case device=Apple M5 Max R=4096 C=4096 D=192 B=1 Hq=24 Hk=24 precision=0 causal=0 dynamic=0 distribution=1 varlen=0 quant_only=0 hadamard_block=64
pair full=0 round=0 baseline_ms=0.247765623 hadamard_ms=0.250567711 ratio=1.01130943
pair full=0 round=1 baseline_ms=0.215052081 hadamard_ms=0.246255207 ratio=1.14509567
pair full=0 round=2 baseline_ms=0.21509896 hadamard_ms=0.244671879 ratio=1.13748518
pair full=0 round=3 baseline_ms=0.215947919 hadamard_ms=0.244807292 ratio=1.13364043
pair full=0 round=4 baseline_ms=0.214703126 hadamard_ms=0.246828131 ratio=1.14962523
pair full=0 round=5 baseline_ms=0.21503646 hadamard_ms=0.248723962 ratio=1.15665949
pair full=0 round=6 baseline_ms=0.214473956 hadamard_ms=0.245083334 ratio=1.1427184
pair full=0 round=7 baseline_ms=0.217677079 hadamard_ms=0.244531249 ratio=1.12336701
pair full=0 round=8 baseline_ms=0.222031253 hadamard_ms=0.247197917 ratio=1.1133474
pair full=0 round=9 baseline_ms=0.215854168 hadamard_ms=0.247562501 ratio=1.14689701
pair full=0 round=10 baseline_ms=0.215630207 hadamard_ms=0.245552088 ratio=1.13876479
pair full=0 round=11 baseline_ms=0.2159375 hadamard_ms=0.243677081 ratio=1.12846116
pair full=0 round=12 baseline_ms=0.21507292 hadamard_ms=0.246479169 ratio=1.14602605
pair full=0 round=13 baseline_ms=0.218874993 hadamard_ms=0.247802083 ratio=1.13216261
pair full=0 round=14 baseline_ms=0.219203124 hadamard_ms=0.247453128 ratio=1.12887592
pair full=0 round=15 baseline_ms=0.217526045 hadamard_ms=0.246249998 ratio=1.13204834
pair full=0 round=16 baseline_ms=0.218218753 hadamard_ms=0.253302082 ratio=1.16077137
pair full=0 round=17 baseline_ms=0.217296874 hadamard_ms=0.246427087 ratio=1.13405721
pair full=0 round=18 baseline_ms=0.215088541 hadamard_ms=0.244020834 ratio=1.13451341
pair full=0 round=19 baseline_ms=0.216052082 hadamard_ms=0.244510411 ratio=1.13171976
pair full=0 round=20 baseline_ms=0.216500004 hadamard_ms=0.245203126 ratio=1.13257793
pair full=0 round=21 baseline_ms=0.214593747 hadamard_ms=0.244583331 ratio=1.1397505
pair full=0 round=22 baseline_ms=0.215406246 hadamard_ms=0.244333336 ratio=1.13429086
pair full=0 round=23 baseline_ms=0.216416665 hadamard_ms=0.243406248 ratio=1.1247112
pair full=0 round=24 baseline_ms=0.217791669 hadamard_ms=0.253609374 ratio=1.16445857
pair full=0 round=25 baseline_ms=0.217453126 hadamard_ms=0.246890624 ratio=1.135374
pair full=0 round=26 baseline_ms=0.215927088 hadamard_ms=0.243864582 ratio=1.12938393
pair full=0 round=27 baseline_ms=0.214125001 hadamard_ms=0.244010414 ratio=1.13956994
pair full=0 round=28 baseline_ms=0.214843749 hadamard_ms=0.244312505 ratio=1.13716367
pair full=0 round=29 baseline_ms=0.215609369 hadamard_ms=0.244812501 ratio=1.13544464
pair full=0 round=30 baseline_ms=0.216093751 hadamard_ms=0.245260417 ratio=1.13497228
pair full=0 round=31 baseline_ms=0.214328131 hadamard_ms=0.243989583 ratio=1.13839272
pair full=0 round=32 baseline_ms=0.21523959 hadamard_ms=0.254703125 ratio=1.18334701
pair full=0 round=33 baseline_ms=0.214286461 hadamard_ms=0.245453128 ratio=1.14544394
pair full=0 round=34 baseline_ms=0.216781249 hadamard_ms=0.242463539 ratio=1.11847099
pair full=0 round=35 baseline_ms=0.214234373 hadamard_ms=0.243593749 ratio=1.13704326
pair full=0 round=36 baseline_ms=0.214760417 hadamard_ms=0.244526047 ratio=1.13859924
pair full=0 round=37 baseline_ms=0.214453124 hadamard_ms=0.243744798 ratio=1.13658777
pair full=0 round=38 baseline_ms=0.214807296 hadamard_ms=0.243437498 ratio=1.13328319
pair full=0 round=39 baseline_ms=0.215395834 hadamard_ms=0.24569271 ratio=1.14065674
pair full=0 round=40 baseline_ms=0.215588538 hadamard_ms=0.261614587 ratio=1.21349024
pair full=0 round=41 baseline_ms=0.214812499 hadamard_ms=0.245515628 ratio=1.1429299
pair full=0 round=42 baseline_ms=0.215333333 hadamard_ms=0.245546871 ratio=1.14031055
pair full=0 round=43 baseline_ms=0.21514063 hadamard_ms=0.245119794 ratio=1.13934683
pair full=0 round=44 baseline_ms=0.214520835 hadamard_ms=0.24448437 ratio=1.13967658
pair full=0 round=45 baseline_ms=0.214609376 hadamard_ms=0.245703122 ratio=1.14488531
pair full=0 round=46 baseline_ms=0.216296874 hadamard_ms=0.244546871 ratio=1.13060751
pair full=0 round=47 baseline_ms=0.215270833 hadamard_ms=0.246380208 ratio=1.14451273
timing full=0 baseline_ms=0.21540104 hadamard_ms=0.245231771 paired_overhead_pct=13.7324 samples=48
pair full=1 round=0 baseline_ms=5.04249998 hadamard_ms=5.07645833 ratio=1.00673443
pair full=1 round=1 baseline_ms=5.02904167 hadamard_ms=5.309625 ratio=1.05579261
pair full=1 round=2 baseline_ms=5.02708333 hadamard_ms=5.07800002 ratio=1.01012847
pair full=1 round=3 baseline_ms=5.04570833 hadamard_ms=5.07375004 ratio=1.00555754
pair full=1 round=4 baseline_ms=5.41970832 hadamard_ms=5.12437505 ratio=0.945507534
pair full=1 round=5 baseline_ms=5.06125001 hadamard_ms=5.08908334 ratio=1.0054993
pair full=1 round=6 baseline_ms=5.17408334 hadamard_ms=5.07429166 ratio=0.980713167
pair full=1 round=7 baseline_ms=5.18816669 hadamard_ms=5.18137502 ratio=0.998690931
pair full=1 round=8 baseline_ms=5.03925001 hadamard_ms=5.09220833 ratio=1.01050917
pair full=1 round=9 baseline_ms=5.03425003 hadamard_ms=5.19637502 ratio=1.0322044
pair full=1 round=10 baseline_ms=5.01904165 hadamard_ms=6.01408334 ratio=1.19825332
pair full=1 round=11 baseline_ms=5.04037499 hadamard_ms=5.09441667 ratio=1.01072176
pair full=1 round=12 baseline_ms=5.58316661 hadamard_ms=5.06966666 ratio=0.908027113
pair full=1 round=13 baseline_ms=5.38062502 hadamard_ms=5.06937498 ratio=0.942153553
pair full=1 round=14 baseline_ms=5.04825002 hadamard_ms=5.08725003 ratio=1.00772545
pair full=1 round=15 baseline_ms=5.05695835 hadamard_ms=5.484625 ratio=1.08456994
pair full=1 round=16 baseline_ms=5.05008333 hadamard_ms=5.60700003 ratio=1.11027871
pair full=1 round=17 baseline_ms=5.05125005 hadamard_ms=5.14974998 ratio=1.01950011
pair full=1 round=18 baseline_ms=5.6861667 hadamard_ms=5.05533331 ratio=0.889058233
pair full=1 round=19 baseline_ms=5.45895833 hadamard_ms=5.08600002 ratio=0.931679583
pair full=1 round=20 baseline_ms=5.02883334 hadamard_ms=5.09787496 ratio=1.01372915
pair full=1 round=21 baseline_ms=5.12383331 hadamard_ms=5.42687497 ratio=1.05914354
pair full=1 round=22 baseline_ms=5.05116663 hadamard_ms=5.27000002 ratio=1.04332334
pair full=1 round=23 baseline_ms=5.05012501 hadamard_ms=5.07249997 ratio=1.00443058
pair full=1 round=24 baseline_ms=5.19425003 hadamard_ms=5.0755 ratio=0.977138176
pair full=1 round=25 baseline_ms=5.25579165 hadamard_ms=5.12837496 ratio=0.975756899
pair full=1 round=26 baseline_ms=5.11858333 hadamard_ms=5.05437504 ratio=0.987455848
pair full=1 round=27 baseline_ms=5.06524998 hadamard_ms=5.07837499 ratio=1.00259119
pair full=1 round=28 baseline_ms=5.04287501 hadamard_ms=5.05849998 ratio=1.00309843
pair full=1 round=29 baseline_ms=5.0339583 hadamard_ms=5.27262501 ratio=1.04741134
pair full=1 round=30 baseline_ms=5.03537501 hadamard_ms=5.26374998 ratio=1.04535411
pair full=1 round=31 baseline_ms=5.02554164 hadamard_ms=5.08274999 ratio=1.01138352
pair full=1 round=32 baseline_ms=5.22158336 hadamard_ms=5.091 ratio=0.974991617
pair full=1 round=33 baseline_ms=5.19150001 hadamard_ms=5.0749167 ratio=0.977543425
pair full=1 round=34 baseline_ms=5.03250002 hadamard_ms=5.07945835 ratio=1.00933101
pair full=1 round=35 baseline_ms=5.04062499 hadamard_ms=5.16279164 ratio=1.02423641
pair full=1 round=36 baseline_ms=5.05033333 hadamard_ms=5.14183333 ratio=1.01811762
pair full=1 round=37 baseline_ms=5.04545838 hadamard_ms=5.06862497 ratio=1.00459157
pair full=1 round=38 baseline_ms=5.03862504 hadamard_ms=5.16716664 ratio=1.02551125
pair full=1 round=39 baseline_ms=5.02900005 hadamard_ms=5.0637917 ratio=1.0069182
pair full=1 round=40 baseline_ms=5.23400004 hadamard_ms=5.06537501 ratio=0.967782761
pair full=1 round=41 baseline_ms=5.40583336 hadamard_ms=5.09037502 ratio=0.941644827
pair full=1 round=42 baseline_ms=5.11770835 hadamard_ms=5.07575 ratio=0.99180134
pair full=1 round=43 baseline_ms=5.0330417 hadamard_ms=5.28395834 ratio=1.04985388
pair full=1 round=44 baseline_ms=5.07337501 hadamard_ms=5.431625 ratio=1.07061374
pair full=1 round=45 baseline_ms=5.04525 hadamard_ms=5.07312495 ratio=1.00552499
pair full=1 round=46 baseline_ms=5.36537502 hadamard_ms=5.23575 ratio=0.975840454
pair full=1 round=47 baseline_ms=5.08724997 hadamard_ms=5.0807083 ratio=0.998714105
timing full=1 baseline_ms=5.05074998 hadamard_ms=5.08972918 paired_overhead_pct=0.614598 samples=48
correct=1
