resources variant=0 q_tg_bytes=16 k_tg_bytes=32 q_threads=1024 k_threads=1024
resources variant=1 q_tg_bytes=16 k_tg_bytes=32 q_threads=1024 k_threads=1024
attention_source_identical=1
quant_check variant=0 operand=0 max_int8_diff=1 scale_rel_diff=8.63884679e-08
quant_check variant=0 operand=1 max_int8_diff=1 scale_rel_diff=9.49934389e-08
quant_check variant=1 operand=0 max_int8_diff=0 scale_rel_diff=1.06671607e-07
quant_check variant=1 operand=1 max_int8_diff=0 scale_rel_diff=9.07797002e-08
attention_check variant=0 sampled_rel_l2=0.010032601 max_abs=0.000234906551
attention_check variant=1 sampled_rel_l2=0.010930371 max_abs=0.000219279063
case device=Apple M5 Max R=1 C=4097 D=96 B=1 Hq=32 Hk=8 precision=0 causal=1 dynamic=3 distribution=0 varlen=0 quant_only=0 hadamard_block=32
pair full=0 round=0 baseline_ms=0.0138645846 hadamard_ms=0.0162343713 ratio=1.17092374
pair full=0 round=1 baseline_ms=0.0135416703 hadamard_ms=0.0164479206 ratio=1.21461535
pair full=0 round=2 baseline_ms=0.0135625014 hadamard_ms=0.01642188 ratio=1.21082974
pair full=0 round=3 baseline_ms=0.0136979143 hadamard_ms=0.0163437435 ratio=1.19315563
pair full=0 round=4 baseline_ms=0.0135833325 hadamard_ms=0.0161927092 ratio=1.19210136
pair full=0 round=5 baseline_ms=0.0136406306 hadamard_ms=0.0162343713 ratio=1.19014815
pair full=0 round=6 baseline_ms=0.0138229152 hadamard_ms=0.016296879 ratio=1.17897555
pair full=0 round=7 baseline_ms=0.0135677037 hadamard_ms=0.0161718781 ratio=1.19193921
pair full=0 round=8 baseline_ms=0.0136093804 hadamard_ms=0.0161458374 ratio=1.18637564
pair full=0 round=9 baseline_ms=0.0137187526 hadamard_ms=0.0161718708 ratio=1.17881496
pair full=0 round=10 baseline_ms=0.0136822928 hadamard_ms=0.0162343713 ratio=1.18652419
pair full=0 round=11 baseline_ms=0.0137343814 hadamard_ms=0.0163437508 ratio=1.18998813
pair full=0 round=12 baseline_ms=0.0137812458 hadamard_ms=0.0161406278 ratio=1.17120238
pair full=0 round=13 baseline_ms=0.013395831 hadamard_ms=0.0164999947 ratio=1.2317261
pair full=0 round=14 baseline_ms=0.0137552051 hadamard_ms=0.0164791636 ratio=1.1980311
pair full=0 round=15 baseline_ms=0.0136770832 hadamard_ms=0.01625 ratio=1.18811883
pair full=0 round=16 baseline_ms=0.0135781229 hadamard_ms=0.0162135402 ratio=1.19409291
pair full=0 round=17 baseline_ms=0.0138385367 hadamard_ms=0.01625 ratio=1.17425711
pair full=0 round=18 baseline_ms=0.0135312512 hadamard_ms=0.0163125005 ratio=1.20554266
pair full=0 round=19 baseline_ms=0.0134583315 hadamard_ms=0.0162812503 ratio=1.20975251
pair full=0 round=20 baseline_ms=0.0135520822 hadamard_ms=0.0163437508 ratio=1.20599554
pair full=0 round=21 baseline_ms=0.0134895818 hadamard_ms=0.0162812503 ratio=1.20694997
pair full=0 round=22 baseline_ms=0.0135572918 hadamard_ms=0.0164062512 ratio=1.21014222
pair full=0 round=23 baseline_ms=0.0135937516 hadamard_ms=0.0164010416 ratio=1.20651326
pair full=0 round=24 baseline_ms=0.013567711 hadamard_ms=0.0163177101 ratio=1.20268703
pair full=0 round=25 baseline_ms=0.0137031238 hadamard_ms=0.0161562493 ratio=1.17901944
pair full=0 round=26 baseline_ms=0.0135468799 hadamard_ms=0.0221874943 ratio=1.63783059
pair full=0 round=27 baseline_ms=0.0136197923 hadamard_ms=0.0163906225 ratio=1.20344144
pair full=0 round=28 baseline_ms=0.0136354211 hadamard_ms=0.0162812503 ratio=1.19404089
pair full=0 round=29 baseline_ms=0.0135937516 hadamard_ms=0.0163281293 ratio=1.20114959
pair full=0 round=30 baseline_ms=0.0136093804 hadamard_ms=0.0162343713 ratio=1.192881
pair full=0 round=31 baseline_ms=0.0136770832 hadamard_ms=0.01625 ratio=1.18811883
pair full=0 round=32 baseline_ms=0.0136406234 hadamard_ms=0.0161822973 ratio=1.18633121
pair full=0 round=33 baseline_ms=0.0136041635 hadamard_ms=0.0162343786 ratio=1.19333897
pair full=0 round=34 baseline_ms=0.0135000009 hadamard_ms=0.0165416714 ratio=1.2253089
pair full=0 round=35 baseline_ms=0.0134739603 hadamard_ms=0.0162812503 ratio=1.20834929
pair full=0 round=36 baseline_ms=0.0138281248 hadamard_ms=0.0161614589 ratio=1.16873829
pair full=0 round=37 baseline_ms=0.0139583353 hadamard_ms=0.0163125005 ratio=1.16865659
pair full=0 round=38 baseline_ms=0.0135468727 hadamard_ms=0.0163906225 ratio=1.20991929
pair full=0 round=39 baseline_ms=0.0136250019 hadamard_ms=0.0162343713 ratio=1.19151332
pair full=0 round=40 baseline_ms=0.0135000009 hadamard_ms=0.0163177101 ratio=1.20871918
pair full=0 round=41 baseline_ms=0.0136875024 hadamard_ms=0.0162656215 ratio=1.18835571
pair full=0 round=42 baseline_ms=0.0135624941 hadamard_ms=0.0165052043 ratio=1.21697411
pair full=0 round=43 baseline_ms=0.0135520822 hadamard_ms=0.0163437435 ratio=1.205995
pair full=0 round=44 baseline_ms=0.0137499956 hadamard_ms=0.0164531302 ratio=1.19659168
pair full=0 round=45 baseline_ms=0.0136250019 hadamard_ms=0.0162447977 ratio=1.19227857
pair full=0 round=46 baseline_ms=0.0137031238 hadamard_ms=0.0163125005 ratio=1.19042203
pair full=0 round=47 baseline_ms=0.0137343741 hadamard_ms=0.0163906225 ratio=1.19340149
timing full=0 baseline_ms=0.0136145864 hadamard_ms=0.0162890647 paired_overhead_pct=19.337 samples=48
pair full=1 round=0 baseline_ms=0.236124964 hadamard_ms=0.241000031 ratio=1.02064613
pair full=1 round=1 baseline_ms=0.235375017 hadamard_ms=0.240791705 ratio=1.02301301
pair full=1 round=2 baseline_ms=0.235749991 hadamard_ms=0.240624999 ratio=1.02067872
pair full=1 round=3 baseline_ms=0.235625019 hadamard_ms=0.241875008 ratio=1.02652515
pair full=1 round=4 baseline_ms=0.235875021 hadamard_ms=0.239708344 ratio=1.0162515
pair full=1 round=5 baseline_ms=0.235999993 hadamard_ms=0.241749978 ratio=1.02436435
pair full=1 round=6 baseline_ms=0.235458312 hadamard_ms=0.242958369 ratio=1.03185301
pair full=1 round=7 baseline_ms=0.234958366 hadamard_ms=0.240833324 ratio=1.02500425
pair full=1 round=8 baseline_ms=0.235249987 hadamard_ms=0.242124952 ratio=1.02922408
pair full=1 round=9 baseline_ms=0.236249994 hadamard_ms=0.244625029 ratio=1.03544988
pair full=1 round=10 baseline_ms=0.234041654 hadamard_ms=0.253791688 ratio=1.08438683
pair full=1 round=11 baseline_ms=0.23712503 hadamard_ms=0.241791713 ratio=1.01968026
pair full=1 round=12 baseline_ms=0.235500047 hadamard_ms=0.241625006 ratio=1.02600831
pair full=1 round=13 baseline_ms=0.234999985 hadamard_ms=0.240624999 ratio=1.02393623
pair full=1 round=14 baseline_ms=0.235249987 hadamard_ms=0.241250033 ratio=1.02550498
pair full=1 round=15 baseline_ms=0.235083338 hadamard_ms=0.241333328 ratio=1.02658627
pair full=1 round=16 baseline_ms=0.235749991 hadamard_ms=0.241833332 ratio=1.0258042
pair full=1 round=17 baseline_ms=0.235500047 hadamard_ms=0.241625006 ratio=1.02600831
pair full=1 round=18 baseline_ms=0.235166692 hadamard_ms=0.240999972 ratio=1.02480488
pair full=1 round=19 baseline_ms=0.23533334 hadamard_ms=0.242999988 ratio=1.03257782
pair full=1 round=20 baseline_ms=0.236041611 hadamard_ms=0.24212501 ratio=1.02577257
pair full=1 round=21 baseline_ms=0.236541673 hadamard_ms=0.242499984 ratio=1.02518926
pair full=1 round=22 baseline_ms=0.236125023 hadamard_ms=0.240916677 ratio=1.02029287
pair full=1 round=23 baseline_ms=0.236499996 hadamard_ms=0.240666675 ratio=1.01761809
pair full=1 round=24 baseline_ms=0.234125007 hadamard_ms=0.242791662 ratio=1.03701721
pair full=1 round=25 baseline_ms=0.235708314 hadamard_ms=0.241625006 ratio=1.02510175
pair full=1 round=26 baseline_ms=0.235416635 hadamard_ms=0.242499984 ratio=1.03008856
pair full=1 round=27 baseline_ms=0.236875028 hadamard_ms=0.241249974 ratio=1.01846943
pair full=1 round=28 baseline_ms=0.235624961 hadamard_ms=0.240124995 ratio=1.01909829
pair full=1 round=29 baseline_ms=0.23520831 hadamard_ms=0.240875001 ratio=1.02409222
pair full=1 round=30 baseline_ms=0.234749983 hadamard_ms=0.239374989 ratio=1.01970184
pair full=1 round=31 baseline_ms=0.234999985 hadamard_ms=0.240624999 ratio=1.02393623
pair full=1 round=32 baseline_ms=0.235208368 hadamard_ms=0.240750029 ratio=1.02356064
pair full=1 round=33 baseline_ms=0.234458304 hadamard_ms=0.241000031 ratio=1.02790145
pair full=1 round=34 baseline_ms=0.235875021 hadamard_ms=0.240708352 ratio=1.02049107
pair full=1 round=35 baseline_ms=0.234375009 hadamard_ms=0.241083326 ratio=1.02862215
pair full=1 round=36 baseline_ms=0.235375017 hadamard_ms=0.240374997 ratio=1.02124261
pair full=1 round=37 baseline_ms=0.234499981 hadamard_ms=0.242625014 ratio=1.03464833
pair full=1 round=38 baseline_ms=0.234833336 hadamard_ms=0.242666632 ratio=1.03335683
pair full=1 round=39 baseline_ms=0.234000036 hadamard_ms=0.239874993 ratio=1.02510665
pair full=1 round=40 baseline_ms=0.235749991 hadamard_ms=0.241249974 ratio=1.02332973
pair full=1 round=41 baseline_ms=0.235500047 hadamard_ms=0.241208356 ratio=1.0242391
pair full=1 round=42 baseline_ms=0.236125023 hadamard_ms=0.241041707 ratio=1.02082238
pair full=1 round=43 baseline_ms=0.235625019 hadamard_ms=0.240749971 ratio=1.02175046
pair full=1 round=44 baseline_ms=0.236958324 hadamard_ms=0.240416673 ratio=1.01459476
pair full=1 round=45 baseline_ms=0.23712503 hadamard_ms=0.241958303 ratio=1.0203828
pair full=1 round=46 baseline_ms=0.234750041 hadamard_ms=0.242375012 ratio=1.03248123
pair full=1 round=47 baseline_ms=0.235499989 hadamard_ms=0.240666675 ratio=1.02193922
timing full=1 baseline_ms=0.235500018 hadamard_ms=0.241229165 paired_overhead_pct=2.45846 samples=48
correct=1
