resources variant=0 q_tg_bytes=16 k_tg_bytes=32 q_threads=1024 k_threads=1024
resources variant=1 q_tg_bytes=16 k_tg_bytes=32 q_threads=1024 k_threads=1024
attention_source_identical=1
quant_check variant=0 operand=0 max_int8_diff=0 scale_rel_diff=0
quant_check variant=0 operand=1 max_int8_diff=1 scale_rel_diff=8.61426983e-08
quant_check variant=1 operand=0 max_int8_diff=0 scale_rel_diff=1.04307794e-07
quant_check variant=1 operand=1 max_int8_diff=0 scale_rel_diff=9.89969919e-08
attention_check variant=0 sampled_rel_l2=0.0286286086 max_abs=0.0297985556
attention_check variant=1 sampled_rel_l2=0.0193616639 max_abs=0.0143357671
case device=Apple M5 Max R=4096 C=4096 D=80 B=1 Hq=24 Hk=24 precision=0 causal=0 dynamic=0 distribution=1 varlen=0 quant_only=0 hadamard_block=16
pair full=0 round=0 baseline_ms=0.0696041679 hadamard_ms=0.0815156236 ratio=1.17113136
pair full=0 round=1 baseline_ms=0.0689375011 hadamard_ms=0.0771614577 ratio=1.11929583
pair full=0 round=2 baseline_ms=0.0687031279 hadamard_ms=0.0763593707 ratio=1.11143951
pair full=0 round=3 baseline_ms=0.0688593718 hadamard_ms=0.0766562443 ratio=1.11322892
pair full=0 round=4 baseline_ms=0.0686093772 hadamard_ms=0.0764479191 ratio=1.11424884
pair full=0 round=5 baseline_ms=0.0684427068 hadamard_ms=0.0769062462 ratio=1.12365875
pair full=0 round=6 baseline_ms=0.0685937484 hadamard_ms=0.0771979176 ratio=1.12543664
pair full=0 round=7 baseline_ms=0.0704375052 hadamard_ms=0.0767812526 ratio=1.09006207
pair full=0 round=8 baseline_ms=0.068791669 hadamard_ms=0.0775000008 ratio=1.12658992
pair full=0 round=9 baseline_ms=0.0687187494 hadamard_ms=0.0772031271 ratio=1.12346525
pair full=0 round=10 baseline_ms=0.0688749933 hadamard_ms=0.0773281281 ratio=1.12273155
pair full=0 round=11 baseline_ms=0.0733020788 hadamard_ms=0.0772968779 ratio=1.05449776
pair full=0 round=12 baseline_ms=0.070135422 hadamard_ms=0.0780729169 ratio=1.11317384
pair full=0 round=13 baseline_ms=0.0692500034 hadamard_ms=0.0775937515 ratio=1.12048733
pair full=0 round=14 baseline_ms=0.0693697875 hadamard_ms=0.0777656242 ratio=1.12103016
pair full=0 round=15 baseline_ms=0.0693385446 hadamard_ms=0.077260418 ratio=1.1142492
pair full=0 round=16 baseline_ms=0.0691145833 hadamard_ms=0.0770937477 ratio=1.11544835
pair full=0 round=17 baseline_ms=0.0695156268 hadamard_ms=0.0765156292 ratio=1.10069682
pair full=0 round=18 baseline_ms=0.0695468698 hadamard_ms=0.0776250017 ratio=1.11615378
pair full=0 round=19 baseline_ms=0.0693020847 hadamard_ms=0.0801041606 ratio=1.15586942
pair full=0 round=20 baseline_ms=0.0689270819 hadamard_ms=0.0770468687 ratio=1.11780256
pair full=0 round=21 baseline_ms=0.0697916694 hadamard_ms=0.0761093761 ratio=1.09052236
pair full=0 round=22 baseline_ms=0.0694062546 hadamard_ms=0.0773749998 ratio=1.11481307
pair full=0 round=23 baseline_ms=0.069796879 hadamard_ms=0.154218753 ratio=2.20953652
pair full=0 round=24 baseline_ms=0.0693177062 hadamard_ms=0.077531251 ratio=1.1184913
pair full=0 round=25 baseline_ms=0.0694843766 hadamard_ms=0.0774739601 ratio=1.11498388
pair full=0 round=26 baseline_ms=0.0686145868 hadamard_ms=0.0774114596 ratio=1.12820704
pair full=0 round=27 baseline_ms=0.0705312486 hadamard_ms=0.0773281281 ratio=1.09636692
pair full=0 round=28 baseline_ms=0.0704687482 hadamard_ms=0.0775260414 ratio=1.10014784
pair full=0 round=29 baseline_ms=0.0689062508 hadamard_ms=0.0772708372 ratio=1.12139082
pair full=0 round=30 baseline_ms=0.0692031244 hadamard_ms=0.0777343739 ratio=1.12327839
pair full=0 round=31 baseline_ms=0.0698333315 hadamard_ms=0.0769375038 ratio=1.10173039
pair full=0 round=32 baseline_ms=0.0699999946 hadamard_ms=0.0781041672 ratio=1.1157739
pair full=0 round=33 baseline_ms=0.0774843793 hadamard_ms=0.0774062501 ratio=0.998991678
pair full=0 round=34 baseline_ms=0.0698281292 hadamard_ms=0.0781927083 ratio=1.1197881
pair full=0 round=35 baseline_ms=0.0701250028 hadamard_ms=0.0781718772 ratio=1.11475043
pair full=0 round=36 baseline_ms=0.0698593722 hadamard_ms=0.0774531218 ratio=1.10870051
pair full=0 round=37 baseline_ms=0.0690104207 hadamard_ms=0.0770624974 ratio=1.11667914
pair full=0 round=38 baseline_ms=0.0695624985 hadamard_ms=0.0773124993 ratio=1.11141062
pair full=0 round=39 baseline_ms=0.069187503 hadamard_ms=0.0771197883 ratio=1.11464911
pair full=0 round=40 baseline_ms=0.0693437541 hadamard_ms=0.0771093764 ratio=1.11198734
pair full=0 round=41 baseline_ms=0.0693593756 hadamard_ms=0.0771197883 ratio=1.111887
pair full=0 round=42 baseline_ms=0.0691093737 hadamard_ms=0.0778593749 ratio=1.12661092
pair full=0 round=43 baseline_ms=0.0697447904 hadamard_ms=0.0777812456 ratio=1.1152266
pair full=0 round=44 baseline_ms=0.0700624951 hadamard_ms=0.0779687543 ratio=1.11284581
pair full=0 round=45 baseline_ms=0.0695989584 hadamard_ms=0.0862135421 ratio=1.23871886
pair full=0 round=46 baseline_ms=0.0689999943 hadamard_ms=0.0778385438 ratio=1.12809493
pair full=0 round=47 baseline_ms=0.0687500069 hadamard_ms=0.0774895816 ratio=1.12712107
timing full=0 baseline_ms=0.0693515649 hadamard_ms=0.0773906249 paired_overhead_pct=11.5611 samples=48
pair full=1 round=0 baseline_ms=2.63158331 hadamard_ms=2.55387498 ratio=0.970470882
pair full=1 round=1 baseline_ms=2.220625 hadamard_ms=2.23291665 ratio=1.00553522
pair full=1 round=2 baseline_ms=2.21949996 hadamard_ms=2.22445838 ratio=1.00223403
pair full=1 round=3 baseline_ms=2.41183338 hadamard_ms=2.24300002 ratio=0.929997918
pair full=1 round=4 baseline_ms=2.22724996 hadamard_ms=2.2314167 ratio=1.0018708
pair full=1 round=5 baseline_ms=2.22691667 hadamard_ms=2.22600001 ratio=0.999588375
pair full=1 round=6 baseline_ms=2.2270417 hadamard_ms=2.38641666 ratio=1.07156353
pair full=1 round=7 baseline_ms=2.220375 hadamard_ms=2.28562503 ratio=1.02938694
pair full=1 round=8 baseline_ms=2.20962497 hadamard_ms=2.22912501 ratio=1.00882504
pair full=1 round=9 baseline_ms=2.22716667 hadamard_ms=2.22345832 ratio=0.998334946
pair full=1 round=10 baseline_ms=2.29199999 hadamard_ms=2.28404166 ratio=0.996527781
pair full=1 round=11 baseline_ms=2.22158333 hadamard_ms=2.23141664 ratio=1.00442626
pair full=1 round=12 baseline_ms=2.22520833 hadamard_ms=2.22712499 ratio=1.00086134
pair full=1 round=13 baseline_ms=2.37820833 hadamard_ms=2.22358335 ratio=0.934982574
pair full=1 round=14 baseline_ms=2.34345836 hadamard_ms=2.22233334 ratio=0.94831356
pair full=1 round=15 baseline_ms=2.21237499 hadamard_ms=2.22941668 ratio=1.00770289
pair full=1 round=16 baseline_ms=2.21524999 hadamard_ms=2.22108333 ratio=1.00263326
pair full=1 round=17 baseline_ms=2.21400004 hadamard_ms=2.40504171 ratio=1.08628802
pair full=1 round=18 baseline_ms=2.22237501 hadamard_ms=2.23375001 ratio=1.0051184
pair full=1 round=19 baseline_ms=2.23212497 hadamard_ms=2.23699998 ratio=1.00218402
pair full=1 round=20 baseline_ms=2.21975002 hadamard_ms=2.3691667 ratio=1.06731239
pair full=1 round=21 baseline_ms=2.22333329 hadamard_ms=2.21170834 ratio=0.99477139
pair full=1 round=22 baseline_ms=2.21716671 hadamard_ms=2.221125 ratio=1.00178529
pair full=1 round=23 baseline_ms=2.21379165 hadamard_ms=2.23124999 ratio=1.00788617
pair full=1 round=24 baseline_ms=2.39904167 hadamard_ms=2.32487498 ratio=0.969084869
pair full=1 round=25 baseline_ms=2.20849999 hadamard_ms=2.22962501 ratio=1.00956532
pair full=1 round=26 baseline_ms=2.22908333 hadamard_ms=2.22645834 ratio=0.99882239
pair full=1 round=27 baseline_ms=2.53783335 hadamard_ms=2.22591666 ratio=0.877093311
pair full=1 round=28 baseline_ms=2.20074999 hadamard_ms=2.227875 ratio=1.01232534
pair full=1 round=29 baseline_ms=2.22825003 hadamard_ms=2.24087498 ratio=1.00566586
pair full=1 round=30 baseline_ms=2.21562496 hadamard_ms=2.29966664 ratio=1.03793136
pair full=1 round=31 baseline_ms=2.2231667 hadamard_ms=2.228875 ratio=1.00256765
pair full=1 round=32 baseline_ms=2.220875 hadamard_ms=2.2325 ratio=1.00523442
pair full=1 round=33 baseline_ms=2.22212501 hadamard_ms=2.22937501 ratio=1.00326264
pair full=1 round=34 baseline_ms=2.27733335 hadamard_ms=2.22250004 ratio=0.975922144
pair full=1 round=35 baseline_ms=2.22579169 hadamard_ms=2.220375 ratio=0.997566399
pair full=1 round=36 baseline_ms=2.22650002 hadamard_ms=2.23445834 ratio=1.00357437
pair full=1 round=37 baseline_ms=2.20845832 hadamard_ms=2.23008334 ratio=1.00979191
pair full=1 round=38 baseline_ms=2.23437499 hadamard_ms=2.22824997 ratio=0.997258733
pair full=1 round=39 baseline_ms=2.21825001 hadamard_ms=2.228125 ratio=1.0044517
pair full=1 round=40 baseline_ms=2.22216669 hadamard_ms=2.21929169 ratio=0.998706221
pair full=1 round=41 baseline_ms=2.60037498 hadamard_ms=2.243875 ratio=0.862904396
pair full=1 round=42 baseline_ms=2.213125 hadamard_ms=2.23462505 ratio=1.00971479
pair full=1 round=43 baseline_ms=2.21849995 hadamard_ms=2.22800003 ratio=1.00428221
pair full=1 round=44 baseline_ms=2.22533336 hadamard_ms=2.23329169 ratio=1.00357624
pair full=1 round=45 baseline_ms=2.21691665 hadamard_ms=2.22683331 ratio=1.00447318
pair full=1 round=46 baseline_ms=2.22445832 hadamard_ms=2.22458335 ratio=1.00005621
pair full=1 round=47 baseline_ms=2.22633331 hadamard_ms=2.22829165 ratio=1.00087963
timing full=1 baseline_ms=2.22324999 hadamard_ms=2.22939585 paired_overhead_pct=0.260046 samples=48
correct=1
