resources variant=0 q_tg_bytes=16 k_tg_bytes=32 q_threads=1024 k_threads=1024
resources variant=1 q_tg_bytes=16 k_tg_bytes=32 q_threads=1024 k_threads=1024
attention_source_identical=1
quant_check variant=0 operand=0 max_int8_diff=1 scale_rel_diff=7.94207438e-08
quant_check variant=0 operand=1 max_int8_diff=0 scale_rel_diff=7.90062842e-08
quant_check variant=1 operand=0 max_int8_diff=0 scale_rel_diff=1.17875544e-07
quant_check variant=1 operand=1 max_int8_diff=0 scale_rel_diff=0
attention_check variant=0 sampled_rel_l2=0.0419805895 max_abs=0.0030946934
attention_check variant=1 sampled_rel_l2=0.0371359429 max_abs=0.0031023228
case device=Apple M5 Max R=4096 C=4096 D=256 B=1 Hq=24 Hk=24 precision=0 causal=0 dynamic=0 distribution=1 varlen=0 quant_only=0 hadamard_block=256
pair full=0 round=0 baseline_ms=0.288822921 hadamard_ms=0.295791666 ratio=1.02412809
pair full=0 round=1 baseline_ms=0.287999996 hadamard_ms=0.29635417 ratio=1.02900755
pair full=0 round=2 baseline_ms=0.287859373 hadamard_ms=0.297484374 ratio=1.03343647
pair full=0 round=3 baseline_ms=0.288031253 hadamard_ms=0.298854167 ratio=1.03757549
pair full=0 round=4 baseline_ms=0.286734372 hadamard_ms=0.295557293 ratio=1.03077036
pair full=0 round=5 baseline_ms=0.288203126 hadamard_ms=0.296838545 ratio=1.02996296
pair full=0 round=6 baseline_ms=0.29136458 hadamard_ms=0.295911457 ratio=1.01560546
pair full=0 round=7 baseline_ms=0.28765625 hadamard_ms=0.2981875 ratio=1.03661054
pair full=0 round=8 baseline_ms=0.28853125 hadamard_ms=0.294692712 ratio=1.02135458
pair full=0 round=9 baseline_ms=0.286963543 hadamard_ms=0.295687496 ratio=1.03040091
pair full=0 round=10 baseline_ms=0.285697919 hadamard_ms=0.294593745 ratio=1.03113717
pair full=0 round=11 baseline_ms=0.285249997 hadamard_ms=0.295156249 ratio=1.03472832
pair full=0 round=12 baseline_ms=0.28647916 hadamard_ms=0.301437503 ratio=1.05221442
pair full=0 round=13 baseline_ms=0.286432296 hadamard_ms=0.294932288 ratio=1.0296754
pair full=0 round=14 baseline_ms=0.286109374 hadamard_ms=0.294046877 ratio=1.02774289
pair full=0 round=15 baseline_ms=0.288781244 hadamard_ms=0.298265622 ratio=1.03284278
pair full=0 round=16 baseline_ms=0.288124997 hadamard_ms=0.295104168 ratio=1.02422272
pair full=0 round=17 baseline_ms=0.2856875 hadamard_ms=0.29605208 ratio=1.03627943
pair full=0 round=18 baseline_ms=0.285250004 hadamard_ms=0.295437494 ratio=1.03571425
pair full=0 round=19 baseline_ms=0.287239585 hadamard_ms=0.301359374 ratio=1.04915683
pair full=0 round=20 baseline_ms=0.285999995 hadamard_ms=0.293901045 ratio=1.02762605
pair full=0 round=21 baseline_ms=0.286640621 hadamard_ms=0.293375 ratio=1.02349415
pair full=0 round=22 baseline_ms=0.285812501 hadamard_ms=0.296234379 ratio=1.03646404
pair full=0 round=23 baseline_ms=0.293546873 hadamard_ms=0.297624996 ratio=1.01389258
pair full=0 round=24 baseline_ms=0.287734372 hadamard_ms=0.295437501 ratio=1.02677167
pair full=0 round=25 baseline_ms=0.292869787 hadamard_ms=0.296072911 ratio=1.01093702
pair full=0 round=26 baseline_ms=0.28658854 hadamard_ms=0.295260412 ratio=1.03025896
pair full=0 round=27 baseline_ms=0.286072915 hadamard_ms=0.294609381 ratio=1.02984018
pair full=0 round=28 baseline_ms=0.28564583 hadamard_ms=0.294713536 ratio=1.03174458
pair full=0 round=29 baseline_ms=0.28763021 hadamard_ms=0.294593752 ratio=1.02421005
pair full=0 round=30 baseline_ms=0.28565625 hadamard_ms=0.293963538 ratio=1.02908142
pair full=0 round=31 baseline_ms=0.288041665 hadamard_ms=0.29514062 ratio=1.02464559
pair full=0 round=32 baseline_ms=0.292848956 hadamard_ms=0.29792187 ratio=1.01732263
pair full=0 round=33 baseline_ms=0.284979164 hadamard_ms=0.295062498 ratio=1.03538271
pair full=0 round=34 baseline_ms=0.28478125 hadamard_ms=0.294859376 ratio=1.03538901
pair full=0 round=35 baseline_ms=0.289635413 hadamard_ms=0.295484373 ratio=1.02019422
pair full=0 round=36 baseline_ms=0.285468748 hadamard_ms=0.296515624 ratio=1.03869732
pair full=0 round=37 baseline_ms=0.285937502 hadamard_ms=0.295406251 ratio=1.03311475
pair full=0 round=38 baseline_ms=0.285374997 hadamard_ms=0.298729166 ratio=1.04679516
pair full=0 round=39 baseline_ms=0.287859373 hadamard_ms=0.296557293 ratio=1.03021586
pair full=0 round=40 baseline_ms=0.287322917 hadamard_ms=0.29628125 ratio=1.03117863
pair full=0 round=41 baseline_ms=0.286364586 hadamard_ms=0.29521875 ratio=1.0309192
pair full=0 round=42 baseline_ms=0.28548437 hadamard_ms=0.294640624 ratio=1.0320727
pair full=0 round=43 baseline_ms=0.287234376 hadamard_ms=0.295406244 ratio=1.02845017
pair full=0 round=44 baseline_ms=0.28394792 hadamard_ms=0.295869788 ratio=1.04198611
pair full=0 round=45 baseline_ms=0.292390629 hadamard_ms=0.298401043 ratio=1.02055611
pair full=0 round=46 baseline_ms=0.285531249 hadamard_ms=0.294062498 ratio=1.02987851
pair full=0 round=47 baseline_ms=0.286354167 hadamard_ms=0.294875004 ratio=1.02975629
timing full=0 baseline_ms=0.286687497 hadamard_ms=0.295460937 paired_overhead_pct=3.02374 samples=48
pair full=1 round=0 baseline_ms=7.954375 hadamard_ms=7.96133332 ratio=1.00087478
pair full=1 round=1 baseline_ms=7.95074995 hadamard_ms=8.12325004 ratio=1.02169608
pair full=1 round=2 baseline_ms=7.962125 hadamard_ms=7.99149997 ratio=1.00368934
pair full=1 round=3 baseline_ms=7.96033331 hadamard_ms=8.07524996 ratio=1.01443616
pair full=1 round=4 baseline_ms=7.96999998 hadamard_ms=7.97395833 ratio=1.00049666
pair full=1 round=5 baseline_ms=7.96637498 hadamard_ms=8.12508329 ratio=1.01992227
pair full=1 round=6 baseline_ms=7.9469583 hadamard_ms=7.97912496 ratio=1.00404767
pair full=1 round=7 baseline_ms=7.9655 hadamard_ms=8.27591663 ratio=1.03897014
pair full=1 round=8 baseline_ms=7.94754172 hadamard_ms=7.97370833 ratio=1.00329242
pair full=1 round=9 baseline_ms=7.969375 hadamard_ms=8.03541666 ratio=1.00828693
pair full=1 round=10 baseline_ms=7.95224996 hadamard_ms=7.99045834 ratio=1.00480473
pair full=1 round=11 baseline_ms=7.9552083 hadamard_ms=8.05158331 ratio=1.01211471
pair full=1 round=12 baseline_ms=7.95283332 hadamard_ms=7.99283333 ratio=1.00502966
pair full=1 round=13 baseline_ms=7.97466672 hadamard_ms=7.98287499 ratio=1.00102929
pair full=1 round=14 baseline_ms=7.95962499 hadamard_ms=8.00416665 ratio=1.00559595
pair full=1 round=15 baseline_ms=8.02516664 hadamard_ms=8.01570836 ratio=0.998821423
pair full=1 round=16 baseline_ms=7.95937504 hadamard_ms=8.004 ratio=1.00560659
pair full=1 round=17 baseline_ms=8.13587499 hadamard_ms=7.999375 ratio=0.983222457
pair full=1 round=18 baseline_ms=7.97612499 hadamard_ms=8.01979168 ratio=1.00547467
pair full=1 round=19 baseline_ms=8.229375 hadamard_ms=8.06975004 ratio=0.980603027
pair full=1 round=20 baseline_ms=7.99524999 hadamard_ms=8.04004166 ratio=1.00560228
pair full=1 round=21 baseline_ms=8.12512502 hadamard_ms=8.02170835 ratio=0.987271989
pair full=1 round=22 baseline_ms=8.00212496 hadamard_ms=8.10650003 ratio=1.01304342
pair full=1 round=23 baseline_ms=8.24887503 hadamard_ms=8.02825001 ratio=0.973253926
pair full=1 round=24 baseline_ms=8.02962499 hadamard_ms=8.04112502 ratio=1.0014322
pair full=1 round=25 baseline_ms=8.57387501 hadamard_ms=8.05087498 ratio=0.939000741
pair full=1 round=26 baseline_ms=8.02625 hadamard_ms=9.55504167 ratio=1.19047397
pair full=1 round=27 baseline_ms=7.97970832 hadamard_ms=8.18954164 ratio=1.02629586
pair full=1 round=28 baseline_ms=8.03124998 hadamard_ms=8.03712499 ratio=1.00073152
pair full=1 round=29 baseline_ms=8.07312498 hadamard_ms=8.19687499 ratio=1.01532864
pair full=1 round=30 baseline_ms=8.05374997 hadamard_ms=8.06458329 ratio=1.00134513
pair full=1 round=31 baseline_ms=8.07487499 hadamard_ms=8.20620829 ratio=1.01626444
pair full=1 round=32 baseline_ms=8.06733331 hadamard_ms=8.11375002 ratio=1.00575366
pair full=1 round=33 baseline_ms=8.13062501 hadamard_ms=8.08949996 ratio=0.994941957
pair full=1 round=34 baseline_ms=8.01587501 hadamard_ms=8.10162502 ratio=1.01069752
pair full=1 round=35 baseline_ms=8.14720837 hadamard_ms=8.11162504 ratio=0.995632451
pair full=1 round=36 baseline_ms=8.02066666 hadamard_ms=8.17187503 ratio=1.01885234
pair full=1 round=37 baseline_ms=8.20208335 hadamard_ms=8.15495831 ratio=0.994254504
pair full=1 round=38 baseline_ms=8.02362501 hadamard_ms=8.32962501 ratio=1.03813738
pair full=1 round=39 baseline_ms=8.08062498 hadamard_ms=8.18937499 ratio=1.01345812
pair full=1 round=40 baseline_ms=8.16279167 hadamard_ms=8.13462498 ratio=0.996549381
pair full=1 round=41 baseline_ms=8.15187499 hadamard_ms=8.152875 ratio=1.00012267
pair full=1 round=42 baseline_ms=8.03783332 hadamard_ms=8.13558337 ratio=1.01216124
pair full=1 round=43 baseline_ms=8.16712505 hadamard_ms=8.24837497 ratio=1.00994841
pair full=1 round=44 baseline_ms=8.17008334 hadamard_ms=8.18100001 ratio=1.00133618
pair full=1 round=45 baseline_ms=8.13183334 hadamard_ms=8.19187501 ratio=1.00738353
pair full=1 round=46 baseline_ms=8.20262497 hadamard_ms=8.18662503 ratio=0.998049411
pair full=1 round=47 baseline_ms=8.10870831 hadamard_ms=8.23599997 ratio=1.01569814
timing full=1 baseline_ms=8.02570832 hadamard_ms=8.08237496 paired_overhead_pct=0.525217 samples=48
correct=1
