resources variant=0 q_tg_bytes=16 k_tg_bytes=32 q_threads=1024 k_threads=1024
resources variant=1 q_tg_bytes=16 k_tg_bytes=32 q_threads=1024 k_threads=1024
attention_source_identical=1
quant_check variant=0 operand=0 max_int8_diff=1 scale_rel_diff=7.31380609e-08
quant_check variant=0 operand=1 max_int8_diff=1 scale_rel_diff=1.05318811e-07
quant_check variant=1 operand=0 max_int8_diff=0 scale_rel_diff=8.83102587e-08
quant_check variant=1 operand=1 max_int8_diff=0 scale_rel_diff=1.17140324e-07
attention_check variant=0 sampled_rel_l2=0.0112569212 max_abs=0.000278391246
attention_check variant=1 sampled_rel_l2=0.011657514 max_abs=0.000282682781
case device=Apple M5 Max R=1 C=4097 D=192 B=1 Hq=32 Hk=8 precision=0 causal=1 dynamic=3 distribution=0 varlen=0 quant_only=0 hadamard_block=64
pair full=0 round=0 baseline_ms=0.0260156303 hadamard_ms=0.0553906284 ratio=2.12912883
pair full=0 round=1 baseline_ms=0.0261250025 hadamard_ms=0.0554322978 ratio=2.12181024
pair full=0 round=2 baseline_ms=0.026062502 hadamard_ms=0.054786462 ratio=2.10211828
pair full=0 round=3 baseline_ms=0.026187503 hadamard_ms=0.0562447967 ratio=2.14777243
pair full=0 round=4 baseline_ms=0.0260000015 hadamard_ms=0.0552395795 ratio=2.12459909
pair full=0 round=5 baseline_ms=0.026093745 hadamard_ms=0.0556354134 ratio=2.13213602
pair full=0 round=6 baseline_ms=0.026062502 hadamard_ms=0.0554687504 ratio=2.12829721
pair full=0 round=7 baseline_ms=0.026109381 hadamard_ms=0.0555625011 ratio=2.12806658
pair full=0 round=8 baseline_ms=0.0261979148 hadamard_ms=0.0557812527 ratio=2.1292249
pair full=0 round=9 baseline_ms=0.0260052111 hadamard_ms=0.0554531289 ratio=2.13238526
pair full=0 round=10 baseline_ms=0.0261562454 hadamard_ms=0.0560156259 ratio=2.14157747
pair full=0 round=11 baseline_ms=0.0259375011 hadamard_ms=0.0553645805 ratio=2.13453796
pair full=0 round=12 baseline_ms=0.0260364613 hadamard_ms=0.0556510349 ratio=2.13742698
pair full=0 round=13 baseline_ms=0.0259375011 hadamard_ms=0.0568958276 ratio=2.19357399
pair full=0 round=14 baseline_ms=0.0258854125 hadamard_ms=0.0550468758 ratio=2.12655973
pair full=0 round=15 baseline_ms=0.026062502 hadamard_ms=0.0550260447 ratio=2.11131091
pair full=0 round=16 baseline_ms=0.0261041641 hadamard_ms=0.0557968742 ratio=2.13747025
pair full=0 round=17 baseline_ms=0.0262031244 hadamard_ms=0.0552343699 ratio=2.10793068
pair full=0 round=18 baseline_ms=0.0260781235 hadamard_ms=0.0551822886 ratio=2.11603755
pair full=0 round=19 baseline_ms=0.0260468732 hadamard_ms=0.055619792 ratio=2.13537308
pair full=0 round=20 baseline_ms=0.0260000015 hadamard_ms=0.0561093766 ratio=2.15805282
pair full=0 round=21 baseline_ms=0.0260312445 hadamard_ms=0.0554687504 ratio=2.13085281
pair full=0 round=22 baseline_ms=0.0260052038 hadamard_ms=0.0553489517 ratio=2.12837985
pair full=0 round=23 baseline_ms=0.0262343747 hadamard_ms=0.0552656275 ratio=2.1066112
pair full=0 round=24 baseline_ms=0.0261458335 hadamard_ms=0.0558281245 ratio=2.13525893
pair full=0 round=25 baseline_ms=0.0261822861 hadamard_ms=0.055348959 ratio=2.11398496
pair full=0 round=26 baseline_ms=0.0262656249 hadamard_ms=0.055057295 ratio=2.09617305
pair full=0 round=27 baseline_ms=0.0261718815 hadamard_ms=0.0553281279 ratio=2.11402944
pair full=0 round=28 baseline_ms=0.0260364613 hadamard_ms=0.0559010441 ratio=2.14702925
pair full=0 round=29 baseline_ms=0.0260468805 hadamard_ms=0.0557031235 ratio=2.13857177
pair full=0 round=30 baseline_ms=0.0284947891 hadamard_ms=0.0555468796 ratio=1.94936974
pair full=0 round=31 baseline_ms=0.0259375011 hadamard_ms=0.054593751 ratio=2.10481923
pair full=0 round=32 baseline_ms=0.0259062508 hadamard_ms=0.055125005 ratio=2.12786502
pair full=0 round=33 baseline_ms=0.026140624 hadamard_ms=0.0546302108 ratio=2.08985872
pair full=0 round=34 baseline_ms=0.0258593791 hadamard_ms=0.0555937513 ratio=2.14984865
pair full=0 round=35 baseline_ms=0.0260781235 hadamard_ms=0.0555625011 ratio=2.1306173
pair full=0 round=36 baseline_ms=0.0260208326 hadamard_ms=0.0558124957 ratio=2.14491583
pair full=0 round=37 baseline_ms=0.0263593756 hadamard_ms=0.0554687504 ratio=2.10432717
pair full=0 round=38 baseline_ms=0.0260885427 hadamard_ms=0.0554739599 ratio=2.12637251
pair full=0 round=39 baseline_ms=0.0260989545 hadamard_ms=0.0559010441 ratio=2.14188825
pair full=0 round=40 baseline_ms=0.0262187459 hadamard_ms=0.055348959 ratio=2.11104525
pair full=0 round=41 baseline_ms=0.0260468732 hadamard_ms=0.0554843791 ratio=2.13017427
pair full=0 round=42 baseline_ms=0.0259843728 hadamard_ms=0.0549999968 ratio=2.1166567
pair full=0 round=43 baseline_ms=0.0260208326 hadamard_ms=0.055687502 ratio=2.14011223
pair full=0 round=44 baseline_ms=0.0258750006 hadamard_ms=0.0547187447 ratio=2.11473405
pair full=0 round=45 baseline_ms=0.0259687513 hadamard_ms=0.0550520781 ratio=2.11993551
pair full=0 round=46 baseline_ms=0.0260312518 hadamard_ms=0.0573437501 ratio=2.20288101
pair full=0 round=47 baseline_ms=0.0261718742 hadamard_ms=0.0557083404 ratio=2.12855755
timing full=0 baseline_ms=0.026062502 hadamard_ms=0.0554687504 paired_overhead_pct=112.847 samples=48
pair full=1 round=0 baseline_ms=0.401333324 hadamard_ms=0.437250012 ratio=1.08949341
pair full=1 round=1 baseline_ms=0.400708348 hadamard_ms=0.43520832 ratio=1.08609746
pair full=1 round=2 baseline_ms=0.417374948 hadamard_ms=0.439833326 ratio=1.05380864
pair full=1 round=3 baseline_ms=0.404499995 hadamard_ms=0.435958325 ratio=1.0777709
pair full=1 round=4 baseline_ms=0.400499965 hadamard_ms=0.43700001 ratio=1.0911362
pair full=1 round=5 baseline_ms=0.400624995 hadamard_ms=0.437874987 ratio=1.0929797
pair full=1 round=6 baseline_ms=0.398250006 hadamard_ms=0.437250012 ratio=1.09792845
pair full=1 round=7 baseline_ms=0.40458329 hadamard_ms=0.435625028 ratio=1.07672521
pair full=1 round=8 baseline_ms=0.398916716 hadamard_ms=0.441375014 ratio=1.10643399
pair full=1 round=9 baseline_ms=0.398250006 hadamard_ms=0.433458306 ratio=1.08840753
pair full=1 round=10 baseline_ms=0.399041688 hadamard_ms=0.434999994 ratio=1.09011165
pair full=1 round=11 baseline_ms=0.399750017 hadamard_ms=0.435249996 ratio=1.08880545
pair full=1 round=12 baseline_ms=0.400791643 hadamard_ms=0.436625036 ratio=1.08940654
pair full=1 round=13 baseline_ms=0.398750009 hadamard_ms=0.438166666 ratio=1.09885055
pair full=1 round=14 baseline_ms=0.399083365 hadamard_ms=0.438166666 ratio=1.09793267
pair full=1 round=15 baseline_ms=0.399500015 hadamard_ms=0.437874987 ratio=1.0960575
pair full=1 round=16 baseline_ms=0.403249986 hadamard_ms=0.43741666 ratio=1.08472827
pair full=1 round=17 baseline_ms=0.399624987 hadamard_ms=0.438541698 ratio=1.09738308
pair full=1 round=18 baseline_ms=0.39916666 hadamard_ms=0.435375026 ratio=1.0907099
pair full=1 round=19 baseline_ms=0.399499957 hadamard_ms=0.441250042 ratio=1.10450586
pair full=1 round=20 baseline_ms=0.399000011 hadamard_ms=0.438166666 ratio=1.09816204
pair full=1 round=21 baseline_ms=0.402375008 hadamard_ms=0.434208312 ratio=1.07911352
pair full=1 round=22 baseline_ms=0.398624979 hadamard_ms=0.436458329 ratio=1.09490963
pair full=1 round=23 baseline_ms=0.399499957 hadamard_ms=0.436000002 ratio=1.09136433
pair full=1 round=24 baseline_ms=0.400499965 hadamard_ms=0.440499978 ratio=1.0998752
pair full=1 round=25 baseline_ms=0.401625002 hadamard_ms=0.438249961 ratio=1.09119193
pair full=1 round=26 baseline_ms=0.400666671 hadamard_ms=0.440249976 ratio=1.09879361
pair full=1 round=27 baseline_ms=0.401875004 hadamard_ms=0.443541678 ratio=1.10368068
pair full=1 round=28 baseline_ms=0.401291647 hadamard_ms=0.440041709 ratio=1.09656334
pair full=1 round=29 baseline_ms=0.401875004 hadamard_ms=0.441375014 ratio=1.09828929
pair full=1 round=30 baseline_ms=0.425583334 hadamard_ms=0.443624973 ratio=1.04239273
pair full=1 round=31 baseline_ms=0.403249986 hadamard_ms=0.440958305 ratio=1.09351103
pair full=1 round=32 baseline_ms=0.405708328 hadamard_ms=0.44087501 ratio=1.08667971
pair full=1 round=33 baseline_ms=0.399875047 hadamard_ms=0.438500021 ratio=1.09659261
pair full=1 round=34 baseline_ms=0.399583369 hadamard_ms=0.436250004 ratio=1.09176217
pair full=1 round=35 baseline_ms=0.39929169 hadamard_ms=0.434166635 ratio=1.08734203
pair full=1 round=36 baseline_ms=0.400291639 hadamard_ms=0.440999982 ratio=1.10169671
pair full=1 round=37 baseline_ms=0.39904163 hadamard_ms=0.437750015 ratio=1.09700338
pair full=1 round=38 baseline_ms=0.399000011 hadamard_ms=0.435791677 ratio=1.09220969
pair full=1 round=39 baseline_ms=0.400625053 hadamard_ms=0.437625044 ratio=1.09235566
pair full=1 round=40 baseline_ms=0.398958335 hadamard_ms=0.437166658 ratio=1.09577021
pair full=1 round=41 baseline_ms=0.399750017 hadamard_ms=0.436416711 ratio=1.09172406
pair full=1 round=42 baseline_ms=0.399124983 hadamard_ms=0.438166666 ratio=1.09781819
pair full=1 round=43 baseline_ms=0.399416662 hadamard_ms=0.439916621 ratio=1.10139777
pair full=1 round=44 baseline_ms=0.410375011 hadamard_ms=0.440958305 ratio=1.07452524
pair full=1 round=45 baseline_ms=0.401166675 hadamard_ms=0.436250004 ratio=1.08745325
pair full=1 round=46 baseline_ms=0.400874997 hadamard_ms=0.436458329 ratio=1.08876416
pair full=1 round=47 baseline_ms=0.400124991 hadamard_ms=0.437333365 ratio=1.09299188
timing full=1 baseline_ms=0.400208315 hadamard_ms=0.437687529 paired_overhead_pct=9.22827 samples=48
correct=1
