resources variant=0 q_tg_bytes=16 k_tg_bytes=32 q_threads=1024 k_threads=1024
resources variant=1 q_tg_bytes=16 k_tg_bytes=32 q_threads=1024 k_threads=1024
attention_source_identical=1
quant_check variant=0 operand=0 max_int8_diff=1 scale_rel_diff=7.31380609e-08
quant_check variant=0 operand=1 max_int8_diff=1 scale_rel_diff=1.05318811e-07
quant_check variant=1 operand=0 max_int8_diff=0 scale_rel_diff=7.99850355e-08
quant_check variant=1 operand=1 max_int8_diff=0 scale_rel_diff=7.41515791e-08
attention_check variant=0 sampled_rel_l2=0.0105337489 max_abs=0.000321728922
attention_check variant=1 sampled_rel_l2=0.0106853472 max_abs=0.000325490512
case device=Apple M5 Max R=1 C=4097 D=256 B=1 Hq=32 Hk=8 precision=0 causal=1 dynamic=3 distribution=0 varlen=0 quant_only=0 hadamard_block=256
pair full=0 round=0 baseline_ms=0.03804687 hadamard_ms=0.0561979177 ratio=1.47707072
pair full=0 round=1 baseline_ms=0.03804687 hadamard_ms=0.055156248 ratio=1.44969213
pair full=0 round=2 baseline_ms=0.03821875 hadamard_ms=0.0553385398 ratio=1.44794217
pair full=0 round=3 baseline_ms=0.0382500002 hadamard_ms=0.0558906249 ratio=1.4611928
pair full=0 round=4 baseline_ms=0.0380781275 hadamard_ms=0.0557187523 ratio=1.46327448
pair full=0 round=5 baseline_ms=0.0383541701 hadamard_ms=0.0553906284 ratio=1.4441879
pair full=0 round=6 baseline_ms=0.0381249993 hadamard_ms=0.0552499987 ratio=1.44918032
pair full=0 round=7 baseline_ms=0.0377812539 hadamard_ms=0.055348959 ratio=1.4649847
pair full=0 round=8 baseline_ms=0.0380520796 hadamard_ms=0.0558281245 ratio=1.46715042
pair full=0 round=9 baseline_ms=0.0379999983 hadamard_ms=0.0561874986 ratio=1.47861845
pair full=0 round=10 baseline_ms=0.0378906261 hadamard_ms=0.0560312474 ratio=1.47876277
pair full=0 round=11 baseline_ms=0.038187507 hadamard_ms=0.0652968738 ratio=1.70990145
pair full=0 round=12 baseline_ms=0.0381718783 hadamard_ms=0.0556093801 ratio=1.4568154
pair full=0 round=13 baseline_ms=0.0377812539 hadamard_ms=0.055125005 ratio=1.45905705
pair full=0 round=14 baseline_ms=0.0386562533 hadamard_ms=0.0557968742 ratio=1.44341134
pair full=0 round=15 baseline_ms=0.038140628 hadamard_ms=0.0562187488 ratio=1.47398592
pair full=0 round=16 baseline_ms=0.0379739577 hadamard_ms=0.0558385364 ratio=1.4704429
pair full=0 round=17 baseline_ms=0.038093749 hadamard_ms=0.0555625011 ratio=1.45857267
pair full=0 round=18 baseline_ms=0.0385937528 hadamard_ms=0.0557864551 ratio=1.44547889
pair full=0 round=19 baseline_ms=0.0382291619 hadamard_ms=0.0556562518 ratio=1.45585854
pair full=0 round=20 baseline_ms=0.0380885467 hadamard_ms=0.0555572915 ratio=1.45863511
pair full=0 round=21 baseline_ms=0.038026039 hadamard_ms=0.0558906249 ratio=1.46979876
pair full=0 round=22 baseline_ms=0.0382031212 hadamard_ms=0.0559166656 ratio=1.46366746
pair full=0 round=23 baseline_ms=0.0380156271 hadamard_ms=0.0557499952 ratio=1.46650206
pair full=0 round=24 baseline_ms=0.0378437471 hadamard_ms=0.0555468796 ratio=1.46779544
pair full=0 round=25 baseline_ms=0.0435468755 hadamard_ms=0.0559062537 ratio=1.28381779
pair full=0 round=26 baseline_ms=0.0382031285 hadamard_ms=0.0561874986 ratio=1.47075647
pair full=0 round=27 baseline_ms=0.0380833299 hadamard_ms=0.0565416703 ratio=1.48468295
pair full=0 round=28 baseline_ms=0.0384218729 hadamard_ms=0.055734381 ratio=1.45058991
pair full=0 round=29 baseline_ms=0.0379375051 hadamard_ms=0.0558437532 ratio=1.4719933
pair full=0 round=30 baseline_ms=0.0382239523 hadamard_ms=0.0562083296 ratio=1.4705002
pair full=0 round=31 baseline_ms=0.0382031285 hadamard_ms=0.0561979177 ratio=1.4710292
pair full=0 round=32 baseline_ms=0.0379270859 hadamard_ms=0.0564062502 ratio=1.48722869
pair full=0 round=33 baseline_ms=0.0381041682 hadamard_ms=0.0554427024 ratio=1.45502986
pair full=0 round=34 baseline_ms=0.0380833371 hadamard_ms=0.0561875058 ratio=1.47538294
pair full=0 round=35 baseline_ms=0.0377708348 hadamard_ms=0.055833334 ratio=1.47821287
pair full=0 round=36 baseline_ms=0.0379687554 hadamard_ms=0.0561510387 ratio=1.47887489
pair full=0 round=37 baseline_ms=0.0382447906 hadamard_ms=0.0556093728 ratio=1.45403784
pair full=0 round=38 baseline_ms=0.0380885467 hadamard_ms=0.0555625011 ratio=1.45877188
pair full=0 round=39 baseline_ms=0.0381354184 hadamard_ms=0.0557083331 ratio=1.46080299
pair full=0 round=40 baseline_ms=0.038171871 hadamard_ms=0.0604062516 ratio=1.58248076
pair full=0 round=41 baseline_ms=0.038557293 hadamard_ms=0.0552760393 ratio=1.43360789
pair full=0 round=42 baseline_ms=0.0380781203 hadamard_ms=0.0558177053 ratio=1.46587344
pair full=0 round=43 baseline_ms=0.0381510399 hadamard_ms=0.0558593747 ratio=1.46416388
pair full=0 round=44 baseline_ms=0.03828646 hadamard_ms=0.055958335 ratio=1.46156983
pair full=0 round=45 baseline_ms=0.0382812505 hadamard_ms=0.0559375039 ratio=1.46122458
pair full=0 round=46 baseline_ms=0.037994796 hadamard_ms=0.0556510422 ratio=1.4647017
pair full=0 round=47 baseline_ms=0.0382604194 hadamard_ms=0.0548749958 ratio=1.43424972
timing full=0 baseline_ms=0.0381145837 hadamard_ms=0.0558229149 paired_overhead_pct=46.3916 samples=48
pair full=1 round=0 baseline_ms=0.43866667 hadamard_ms=0.461458345 ratio=1.05195671
pair full=1 round=1 baseline_ms=0.436916656 hadamard_ms=0.460750016 ratio=1.05454898
pair full=1 round=2 baseline_ms=0.431624998 hadamard_ms=0.458625029 ratio=1.06255437
pair full=1 round=3 baseline_ms=0.434708316 hadamard_ms=0.458416704 ratio=1.05453861
pair full=1 round=4 baseline_ms=0.435625028 hadamard_ms=0.462250027 ratio=1.06111908
pair full=1 round=5 baseline_ms=0.440750038 hadamard_ms=0.461624993 ratio=1.04736234
pair full=1 round=6 baseline_ms=0.435916649 hadamard_ms=0.460083305 ratio=1.05543871
pair full=1 round=7 baseline_ms=0.433000037 hadamard_ms=0.459624978 ratio=1.06148947
pair full=1 round=8 baseline_ms=0.43366669 hadamard_ms=0.459958334 ratio=1.06062639
pair full=1 round=9 baseline_ms=0.432708301 hadamard_ms=0.459999952 ratio=1.06307171
pair full=1 round=10 baseline_ms=0.433249981 hadamard_ms=0.456375012 ratio=1.05337572
pair full=1 round=11 baseline_ms=0.433166686 hadamard_ms=0.457541668 ratio=1.0562716
pair full=1 round=12 baseline_ms=0.432041648 hadamard_ms=0.460375042 ratio=1.06558024
pair full=1 round=13 baseline_ms=0.437624985 hadamard_ms=0.464791665 ratio=1.06207753
pair full=1 round=14 baseline_ms=0.433750043 hadamard_ms=0.476250018 ratio=1.09798264
pair full=1 round=15 baseline_ms=0.432208297 hadamard_ms=0.480749994 ratio=1.11231089
pair full=1 round=16 baseline_ms=0.431458349 hadamard_ms=0.456583337 ratio=1.05823271
pair full=1 round=17 baseline_ms=0.432625005 hadamard_ms=0.456874957 ratio=1.05605305
pair full=1 round=18 baseline_ms=0.435250055 hadamard_ms=0.460500014 ratio=1.05801254
pair full=1 round=19 baseline_ms=0.519499998 hadamard_ms=0.458708324 ratio=0.882980416
pair full=1 round=20 baseline_ms=0.816541666 hadamard_ms=0.460625044 ratio=0.564117011
pair full=1 round=21 baseline_ms=0.431374996 hadamard_ms=0.458791677 ratio=1.06355649
pair full=1 round=22 baseline_ms=0.433208304 hadamard_ms=0.457375019 ratio=1.05578544
pair full=1 round=23 baseline_ms=0.43062499 hadamard_ms=0.458374969 ratio=1.06444117
pair full=1 round=24 baseline_ms=0.43174997 hadamard_ms=0.455833331 ratio=1.05578081
pair full=1 round=25 baseline_ms=0.428875035 hadamard_ms=0.454916677 ratio=1.06072082
pair full=1 round=26 baseline_ms=0.428791624 hadamard_ms=0.457124959 ratio=1.06607717
pair full=1 round=27 baseline_ms=0.432125002 hadamard_ms=0.457624963 ratio=1.05901061
pair full=1 round=28 baseline_ms=0.429875043 hadamard_ms=0.458374969 ratio=1.06629816
pair full=1 round=29 baseline_ms=0.434958318 hadamard_ms=0.462458353 ratio=1.06322453
pair full=1 round=30 baseline_ms=0.43575 hadamard_ms=0.465999998 ratio=1.06942053
pair full=1 round=31 baseline_ms=0.437625044 hadamard_ms=0.464124954 ratio=1.06055392
pair full=1 round=32 baseline_ms=0.46666665 hadamard_ms=0.480458315 ratio=1.02955357
pair full=1 round=33 baseline_ms=0.438291638 hadamard_ms=0.464666635 ratio=1.06017682
pair full=1 round=34 baseline_ms=0.437041686 hadamard_ms=0.458249997 ratio=1.04852697
pair full=1 round=35 baseline_ms=0.433999987 hadamard_ms=0.459500006 ratio=1.05875581
pair full=1 round=36 baseline_ms=0.431624998 hadamard_ms=0.46125002 ratio=1.06863602
pair full=1 round=37 baseline_ms=0.432791654 hadamard_ms=0.460958341 ratio=1.0650814
pair full=1 round=38 baseline_ms=0.434125017 hadamard_ms=0.46000001 ratio=1.05960263
pair full=1 round=39 baseline_ms=0.430541695 hadamard_ms=0.460500014 ratio=1.06958285
pair full=1 round=40 baseline_ms=0.429874985 hadamard_ms=0.457208313 ratio=1.06358437
pair full=1 round=41 baseline_ms=0.429958338 hadamard_ms=0.458374969 ratio=1.06609159
pair full=1 round=42 baseline_ms=0.432750036 hadamard_ms=0.455500034 ratio=1.05257076
pair full=1 round=43 baseline_ms=0.432625005 hadamard_ms=0.45987498 ratio=1.06298752
pair full=1 round=44 baseline_ms=0.434250047 hadamard_ms=0.516375003 ratio=1.18911905
pair full=1 round=45 baseline_ms=0.433249981 hadamard_ms=0.463083328 ratio=1.06885943
pair full=1 round=46 baseline_ms=0.433125009 hadamard_ms=0.457499991 ratio=1.05627701
pair full=1 round=47 baseline_ms=0.434125017 hadamard_ms=0.459374976 ratio=1.05816288
timing full=1 baseline_ms=0.433229143 hadamard_ms=0.459916657 paired_overhead_pct=6.05902 samples=48
correct=1
