resources variant=0 q_tg_bytes=16 k_tg_bytes=32 q_threads=1024 k_threads=1024
resources variant=1 q_tg_bytes=16 k_tg_bytes=32 q_threads=1024 k_threads=1024
attention_source_identical=1
quant_check variant=0 operand=0 max_int8_diff=0 scale_rel_diff=1.18625493e-07
quant_check variant=0 operand=1 max_int8_diff=0 scale_rel_diff=8.65118821e-08
quant_check variant=1 operand=0 max_int8_diff=0 scale_rel_diff=1.17623742e-07
quant_check variant=1 operand=1 max_int8_diff=0 scale_rel_diff=1.03983858e-07
attention_check variant=0 sampled_rel_l2=0.0332822864 max_abs=0.0103458434
attention_check variant=1 sampled_rel_l2=0.0297505943 max_abs=0.0102157801
case device=Apple M5 Max R=4096 C=4096 D=128 B=1 Hq=24 Hk=24 precision=0 causal=0 dynamic=0 distribution=1 varlen=0 quant_only=0 hadamard_block=128
pair full=0 round=0 baseline_ms=0.140249998 hadamard_ms=0.142187506 ratio=1.01381467
pair full=0 round=1 baseline_ms=0.140072916 hadamard_ms=0.142005207 ratio=1.01379489
pair full=0 round=2 baseline_ms=0.140270829 hadamard_ms=0.142354162 ratio=1.01485221
pair full=0 round=3 baseline_ms=0.221031252 hadamard_ms=0.143093748 ratio=0.647391474
pair full=0 round=4 baseline_ms=0.141140619 hadamard_ms=0.143583333 ratio=1.01730695
pair full=0 round=5 baseline_ms=0.140031247 hadamard_ms=0.142031255 ratio=1.01428258
pair full=0 round=6 baseline_ms=0.139984375 hadamard_ms=0.141760414 ratio=1.01268741
pair full=0 round=7 baseline_ms=0.141984376 hadamard_ms=0.143734374 ratio=1.01232529
pair full=0 round=8 baseline_ms=0.141828124 hadamard_ms=0.142145836 ratio=1.00224012
pair full=0 round=9 baseline_ms=0.150307293 hadamard_ms=0.143218749 ratio=0.952839657
pair full=0 round=10 baseline_ms=0.141854165 hadamard_ms=0.144484373 ratio=1.01854163
pair full=0 round=11 baseline_ms=0.144421872 hadamard_ms=0.144067708 ratio=0.997547709
pair full=0 round=12 baseline_ms=0.142010416 hadamard_ms=0.145098958 ratio=1.0217487
pair full=0 round=13 baseline_ms=0.141078119 hadamard_ms=0.143171877 ratio=1.01484113
pair full=0 round=14 baseline_ms=0.140984375 hadamard_ms=0.142578123 ratio=1.01130443
pair full=0 round=15 baseline_ms=0.150682295 hadamard_ms=0.144203128 ratio=0.957001136
pair full=0 round=16 baseline_ms=0.210453123 hadamard_ms=0.142609373 ratio=0.677630111
pair full=0 round=17 baseline_ms=0.141317709 hadamard_ms=0.145708334 ratio=1.03106918
pair full=0 round=18 baseline_ms=0.140515629 hadamard_ms=0.142088546 ratio=1.01119389
pair full=0 round=19 baseline_ms=0.140046875 hadamard_ms=0.142052078 ratio=1.01431808
pair full=0 round=20 baseline_ms=0.140890625 hadamard_ms=0.142390629 ratio=1.01064659
pair full=0 round=21 baseline_ms=0.151 hadamard_ms=0.14323958 ratio=0.94860649
pair full=0 round=22 baseline_ms=0.141875003 hadamard_ms=0.144984369 ratio=1.02191624
pair full=0 round=23 baseline_ms=0.140927084 hadamard_ms=0.142979166 ratio=1.0145613
pair full=0 round=24 baseline_ms=0.141020828 hadamard_ms=0.141791665 ratio=1.00546612
pair full=0 round=25 baseline_ms=0.140333337 hadamard_ms=0.141760414 ratio=1.0101692
pair full=0 round=26 baseline_ms=0.140765624 hadamard_ms=0.142755205 ratio=1.014134
pair full=0 round=27 baseline_ms=0.142218749 hadamard_ms=0.143291669 ratio=1.00754415
pair full=0 round=28 baseline_ms=0.15080208 hadamard_ms=0.143234378 ratio=0.949816994
pair full=0 round=29 baseline_ms=0.140562501 hadamard_ms=0.142901044 ratio=1.01663704
pair full=0 round=30 baseline_ms=0.140630204 hadamard_ms=0.142359371 ratio=1.01229585
pair full=0 round=31 baseline_ms=0.140671873 hadamard_ms=0.14214062 ratio=1.01044094
pair full=0 round=32 baseline_ms=0.140192707 hadamard_ms=0.141921875 ratio=1.01233422
pair full=0 round=33 baseline_ms=0.141375 hadamard_ms=0.142145829 ratio=1.00545237
pair full=0 round=34 baseline_ms=0.150406246 hadamard_ms=0.142692705 ratio=0.948715288
pair full=0 round=35 baseline_ms=0.141703124 hadamard_ms=0.142348959 ratio=1.00455767
pair full=0 round=36 baseline_ms=0.141718745 hadamard_ms=0.141984376 ratio=1.00187435
pair full=0 round=37 baseline_ms=0.14039583 hadamard_ms=0.141750003 ratio=1.00964539
pair full=0 round=38 baseline_ms=0.140010416 hadamard_ms=0.141656252 ratio=1.0117551
pair full=0 round=39 baseline_ms=0.140953125 hadamard_ms=0.142125005 ratio=1.00831397
pair full=0 round=40 baseline_ms=0.141515622 hadamard_ms=0.144807294 ratio=1.02326013
pair full=0 round=41 baseline_ms=0.140937504 hadamard_ms=0.142359371 ratio=1.01008864
pair full=0 round=42 baseline_ms=0.14146875 hadamard_ms=0.143364588 ratio=1.01340111
pair full=0 round=43 baseline_ms=0.142124998 hadamard_ms=0.143052086 ratio=1.00652305
pair full=0 round=44 baseline_ms=0.143755205 hadamard_ms=0.142994788 ratio=0.99471033
pair full=0 round=45 baseline_ms=0.140942706 hadamard_ms=0.145197919 ratio=1.03019108
pair full=0 round=46 baseline_ms=0.142046876 hadamard_ms=0.240848953 ratio=1.69555966
pair full=0 round=47 baseline_ms=0.140953125 hadamard_ms=0.142484379 ratio=1.01086357
timing full=0 baseline_ms=0.141109369 hadamard_ms=0.142651039 paired_overhead_pct=1.12492 samples=48
pair full=1 round=0 baseline_ms=2.60566664 hadamard_ms=2.61470833 ratio=1.00347001
pair full=1 round=1 baseline_ms=2.61683331 hadamard_ms=2.61683331 ratio=1
pair full=1 round=2 baseline_ms=2.61895836 hadamard_ms=2.62241671 ratio=1.00132051
pair full=1 round=3 baseline_ms=2.61508336 hadamard_ms=2.61737499 ratio=1.00087631
pair full=1 round=4 baseline_ms=2.60937499 hadamard_ms=2.61504168 ratio=1.00217167
pair full=1 round=5 baseline_ms=2.61249999 hadamard_ms=2.69562501 ratio=1.03181819
pair full=1 round=6 baseline_ms=2.60483334 hadamard_ms=2.61537498 ratio=1.00404695
pair full=1 round=7 baseline_ms=2.611125 hadamard_ms=2.62300001 ratio=1.00454785
pair full=1 round=8 baseline_ms=2.69033329 hadamard_ms=2.61645834 ratio=0.972540595
pair full=1 round=9 baseline_ms=2.61187501 hadamard_ms=2.61550001 ratio=1.00138789
pair full=1 round=10 baseline_ms=2.62025004 hadamard_ms=2.62004166 ratio=0.999920472
pair full=1 round=11 baseline_ms=2.92474998 hadamard_ms=3.33791669 ratio=1.14126565
pair full=1 round=12 baseline_ms=2.61849997 hadamard_ms=2.61833332 ratio=0.999936357
pair full=1 round=13 baseline_ms=2.61466671 hadamard_ms=2.61745835 ratio=1.00106768
pair full=1 round=14 baseline_ms=2.6675 hadamard_ms=2.61295831 ratio=0.979553258
pair full=1 round=15 baseline_ms=2.60941667 hadamard_ms=2.61800003 ratio=1.00328938
pair full=1 round=16 baseline_ms=2.61324999 hadamard_ms=2.62012501 ratio=1.00263083
pair full=1 round=17 baseline_ms=2.62087502 hadamard_ms=2.61329167 ratio=0.997106557
pair full=1 round=18 baseline_ms=2.6230833 hadamard_ms=2.61183333 ratio=0.995711166
pair full=1 round=19 baseline_ms=2.60929164 hadamard_ms=2.61683331 ratio=1.00289032
pair full=1 round=20 baseline_ms=2.61658331 hadamard_ms=2.62025004 ratio=1.00140134
pair full=1 round=21 baseline_ms=2.62104167 hadamard_ms=2.61204166 ratio=0.996566247
pair full=1 round=22 baseline_ms=2.61212495 hadamard_ms=2.629 ratio=1.00646027
pair full=1 round=23 baseline_ms=2.61749997 hadamard_ms=2.62275001 ratio=1.00200575
pair full=1 round=24 baseline_ms=2.61725002 hadamard_ms=2.61999998 ratio=1.00105071
pair full=1 round=25 baseline_ms=2.68937502 hadamard_ms=2.61845835 ratio=0.973630802
pair full=1 round=26 baseline_ms=2.61075003 hadamard_ms=2.61695834 ratio=1.00237798
pair full=1 round=27 baseline_ms=2.61674996 hadamard_ms=2.61050003 ratio=0.997611567
pair full=1 round=28 baseline_ms=2.60791671 hadamard_ms=2.69062497 ratio=1.0317143
pair full=1 round=29 baseline_ms=2.62474996 hadamard_ms=2.63275002 ratio=1.00304793
pair full=1 round=30 baseline_ms=2.61483336 hadamard_ms=2.6215 ratio=1.00254955
pair full=1 round=31 baseline_ms=3.16937501 hadamard_ms=2.62350001 ratio=0.827765729
pair full=1 round=32 baseline_ms=3.02162499 hadamard_ms=2.62316666 ratio=0.868131111
pair full=1 round=33 baseline_ms=2.61612498 hadamard_ms=2.62258336 ratio=1.00246868
pair full=1 round=34 baseline_ms=2.62175 hadamard_ms=2.76987499 ratio=1.05649852
pair full=1 round=35 baseline_ms=2.61545833 hadamard_ms=2.61404167 ratio=0.999458352
pair full=1 round=36 baseline_ms=2.61379167 hadamard_ms=2.61425 ratio=1.00017535
pair full=1 round=37 baseline_ms=2.61199998 hadamard_ms=2.62425002 ratio=1.00468991
pair full=1 round=38 baseline_ms=2.61220831 hadamard_ms=2.622 ratio=1.00374843
pair full=1 round=39 baseline_ms=2.60983338 hadamard_ms=2.61799997 ratio=1.00312916
pair full=1 round=40 baseline_ms=2.61150004 hadamard_ms=2.63787503 ratio=1.01009956
pair full=1 round=41 baseline_ms=2.63175002 hadamard_ms=2.68874998 ratio=1.02165858
pair full=1 round=42 baseline_ms=2.69812497 hadamard_ms=2.73241667 ratio=1.01270946
pair full=1 round=43 baseline_ms=2.62433337 hadamard_ms=2.61933333 ratio=0.99809474
pair full=1 round=44 baseline_ms=2.740375 hadamard_ms=2.61245837 ratio=0.953321486
pair full=1 round=45 baseline_ms=2.61091668 hadamard_ms=2.62024999 ratio=1.00357472
pair full=1 round=46 baseline_ms=2.70487502 hadamard_ms=2.617875 ratio=0.967835844
pair full=1 round=47 baseline_ms=2.61375 hadamard_ms=2.61637499 ratio=1.0010043
timing full=1 baseline_ms=2.61635415 hadamard_ms=2.61889584 paired_overhead_pct=0.170354 samples=48
correct=1
