resources variant=0 q_tg_bytes=16 k_tg_bytes=32 q_threads=1024 k_threads=1024
resources variant=1 q_tg_bytes=16 k_tg_bytes=32 q_threads=1024 k_threads=1024
attention_source_identical=1
quant_check variant=0 operand=0 max_int8_diff=0 scale_rel_diff=9.52923926e-08
quant_check variant=0 operand=1 max_int8_diff=1 scale_rel_diff=8.65118821e-08
quant_check variant=1 operand=0 max_int8_diff=0 scale_rel_diff=1.13255147e-07
quant_check variant=1 operand=1 max_int8_diff=1 scale_rel_diff=1.16935539e-07
attention_check variant=0 sampled_rel_l2=0.0375861196 max_abs=0.00557856272
attention_check variant=1 sampled_rel_l2=0.0271879389 max_abs=0.00420052072
case device=Apple M5 Max R=4096 C=4096 D=96 B=1 Hq=24 Hk=24 precision=0 causal=0 dynamic=0 distribution=1 varlen=0 quant_only=0 hadamard_block=32
pair full=0 round=0 baseline_ms=0.0895677076 hadamard_ms=0.0945624997 ratio=1.05576555
pair full=0 round=1 baseline_ms=0.0907031208 hadamard_ms=0.0949427049 ratio=1.04674133
pair full=0 round=2 baseline_ms=0.0974062496 hadamard_ms=0.0948385423 ratio=0.973639194
pair full=0 round=3 baseline_ms=0.0912812538 hadamard_ms=0.0945937572 ratio=1.03628898
pair full=0 round=4 baseline_ms=0.0915677083 hadamard_ms=0.0945677093 ratio=1.03276265
pair full=0 round=5 baseline_ms=0.0902135434 hadamard_ms=0.094614581 ratio=1.04878467
pair full=0 round=6 baseline_ms=0.0894583354 hadamard_ms=0.0957916709 ratio=1.07079648
pair full=0 round=7 baseline_ms=0.0913124968 hadamard_ms=0.0964322899 ratio=1.05606892
pair full=0 round=8 baseline_ms=0.0999635449 hadamard_ms=0.100567704 ratio=1.00604379
pair full=0 round=9 baseline_ms=0.092416667 hadamard_ms=0.0956562508 ratio=1.03505411
pair full=0 round=10 baseline_ms=0.0908541624 hadamard_ms=0.0987447929 ratio=1.08684941
pair full=0 round=11 baseline_ms=0.0906770874 hadamard_ms=0.0952343762 ratio=1.05025844
pair full=0 round=12 baseline_ms=0.0910000017 hadamard_ms=0.0945468782 ratio=1.03897666
pair full=0 round=13 baseline_ms=0.0901406238 hadamard_ms=0.0949374953 ratio=1.05321542
pair full=0 round=14 baseline_ms=0.0898645885 hadamard_ms=0.0955572978 ratio=1.06334764
pair full=0 round=15 baseline_ms=0.0907499998 hadamard_ms=0.095416668 ratio=1.05142334
pair full=0 round=16 baseline_ms=0.0908281218 hadamard_ms=0.0957968732 ratio=1.05470499
pair full=0 round=17 baseline_ms=0.0914270859 hadamard_ms=0.095416668 ratio=1.04363676
pair full=0 round=18 baseline_ms=0.0918125006 hadamard_ms=0.0966718726 ratio=1.05292713
pair full=0 round=19 baseline_ms=0.094177085 hadamard_ms=0.0953749986 ratio=1.0127198
pair full=0 round=20 baseline_ms=0.0910625022 hadamard_ms=0.0950468748 ratio=1.04375426
pair full=0 round=21 baseline_ms=0.090588539 hadamard_ms=0.0955468786 ratio=1.05473473
pair full=0 round=22 baseline_ms=0.0895052071 hadamard_ms=0.0944895801 ratio=1.05568808
pair full=0 round=23 baseline_ms=0.0894843761 hadamard_ms=0.0945781285 ratio=1.05692337
pair full=0 round=24 baseline_ms=0.0894531258 hadamard_ms=0.0941875041 ratio=1.0529258
pair full=0 round=25 baseline_ms=0.0895468766 hadamard_ms=0.0943906271 ratio=1.05409179
pair full=0 round=26 baseline_ms=0.0896458369 hadamard_ms=0.0947499939 ratio=1.05693691
pair full=0 round=27 baseline_ms=0.092395836 hadamard_ms=0.0953281196 ratio=1.0317361
pair full=0 round=28 baseline_ms=0.090635418 hadamard_ms=0.0984322905 ratio=1.08602457
pair full=0 round=29 baseline_ms=0.0910416638 hadamard_ms=0.0955208307 ratio=1.04919909
pair full=0 round=30 baseline_ms=0.0901562526 hadamard_ms=0.0943906198 ratio=1.04696698
pair full=0 round=31 baseline_ms=0.0900937521 hadamard_ms=0.0946718792 ratio=1.05081515
pair full=0 round=32 baseline_ms=0.0895937555 hadamard_ms=0.0942343759 ratio=1.05179625
pair full=0 round=33 baseline_ms=0.08964062 hadamard_ms=0.0946197906 ratio=1.05554592
pair full=0 round=34 baseline_ms=0.0894999976 hadamard_ms=0.0948125016 ratio=1.05935759
pair full=0 round=35 baseline_ms=0.0897916616 hadamard_ms=0.0945312495 ratio=1.05278428
pair full=0 round=36 baseline_ms=0.0914687553 hadamard_ms=0.0965052095 ratio=1.05506202
pair full=0 round=37 baseline_ms=0.0924531269 hadamard_ms=0.101578124 ratio=1.09869863
pair full=0 round=38 baseline_ms=0.0914843768 hadamard_ms=0.0965937506 ratio=1.05584969
pair full=0 round=39 baseline_ms=0.0912552059 hadamard_ms=0.0953229173 ratio=1.04457512
pair full=0 round=40 baseline_ms=0.0913645854 hadamard_ms=0.0951145848 ratio=1.04104434
pair full=0 round=41 baseline_ms=0.0901979147 hadamard_ms=0.0950000031 ratio=1.05323946
pair full=0 round=42 baseline_ms=0.0894322948 hadamard_ms=0.0943958366 ratio=1.05550055
pair full=0 round=43 baseline_ms=0.0898906219 hadamard_ms=0.0942291663 ratio=1.04826471
pair full=0 round=44 baseline_ms=0.089755209 hadamard_ms=0.0949895839 ratio=1.05831834
pair full=0 round=45 baseline_ms=0.0911197931 hadamard_ms=0.0967656306 ratio=1.06196061
pair full=0 round=46 baseline_ms=0.0952916671 hadamard_ms=0.0954895804 ratio=1.00207692
pair full=0 round=47 baseline_ms=0.0916927092 hadamard_ms=0.09459375 ratio=1.03163873
timing full=0 baseline_ms=0.0907265603 hadamard_ms=0.0950234389 paired_overhead_pct=5.2855 samples=48
pair full=1 round=0 baseline_ms=2.10304168 hadamard_ms=2.11562501 ratio=1.0059834
pair full=1 round=1 baseline_ms=2.10720836 hadamard_ms=2.11599999 ratio=1.00417217
pair full=1 round=2 baseline_ms=2.11175001 hadamard_ms=2.11454165 ratio=1.00132196
pair full=1 round=3 baseline_ms=2.09625001 hadamard_ms=2.26787501 ratio=1.08187239
pair full=1 round=4 baseline_ms=2.11449998 hadamard_ms=2.12100003 ratio=1.00307404
pair full=1 round=5 baseline_ms=2.10458337 hadamard_ms=2.11679167 ratio=1.00580082
pair full=1 round=6 baseline_ms=2.10970832 hadamard_ms=2.15420837 ratio=1.02109299
pair full=1 round=7 baseline_ms=2.10129167 hadamard_ms=2.10866664 ratio=1.00350973
pair full=1 round=8 baseline_ms=2.105375 hadamard_ms=2.1245 ratio=1.00908389
pair full=1 round=9 baseline_ms=2.10995832 hadamard_ms=2.11550004 ratio=1.00262646
pair full=1 round=10 baseline_ms=2.11216667 hadamard_ms=2.11025 ratio=0.999092561
pair full=1 round=11 baseline_ms=2.10674998 hadamard_ms=2.11766665 ratio=1.00518176
pair full=1 round=12 baseline_ms=2.10329163 hadamard_ms=2.12324999 ratio=1.00948911
pair full=1 round=13 baseline_ms=2.11662502 hadamard_ms=2.11845833 ratio=1.00086615
pair full=1 round=14 baseline_ms=2.13049998 hadamard_ms=2.10912502 ratio=0.989967163
pair full=1 round=15 baseline_ms=2.10987503 hadamard_ms=2.10704166 ratio=0.998657089
pair full=1 round=16 baseline_ms=2.11062504 hadamard_ms=2.11237499 ratio=1.00082912
pair full=1 round=17 baseline_ms=2.29987502 hadamard_ms=2.12437502 ratio=0.923691507
pair full=1 round=18 baseline_ms=2.10899999 hadamard_ms=2.11212499 ratio=1.00148174
pair full=1 round=19 baseline_ms=2.10720836 hadamard_ms=2.11349997 ratio=1.00298575
pair full=1 round=20 baseline_ms=2.11270835 hadamard_ms=2.11549998 ratio=1.00132136
pair full=1 round=21 baseline_ms=2.10841669 hadamard_ms=2.26187502 ratio=1.07278368
pair full=1 round=22 baseline_ms=2.10904167 hadamard_ms=2.11291661 ratio=1.0018373
pair full=1 round=23 baseline_ms=2.10449996 hadamard_ms=2.11175001 ratio=1.00344503
pair full=1 round=24 baseline_ms=2.10674998 hadamard_ms=2.29612499 ratio=1.08988965
pair full=1 round=25 baseline_ms=2.10883335 hadamard_ms=2.10100005 ratio=0.996285484
pair full=1 round=26 baseline_ms=2.11158337 hadamard_ms=2.11704167 ratio=1.00258494
pair full=1 round=27 baseline_ms=2.10391666 hadamard_ms=2.11512501 ratio=1.00532737
pair full=1 round=28 baseline_ms=2.14687502 hadamard_ms=2.12070829 ratio=0.987811712
pair full=1 round=29 baseline_ms=2.11149995 hadamard_ms=2.11845833 ratio=1.00329547
pair full=1 round=30 baseline_ms=2.11325003 hadamard_ms=2.13550002 ratio=1.0105288
pair full=1 round=31 baseline_ms=2.20333331 hadamard_ms=2.113375 ratio=0.95917172
pair full=1 round=32 baseline_ms=2.18970829 hadamard_ms=2.14500003 ratio=0.979582551
pair full=1 round=33 baseline_ms=2.1025 hadamard_ms=2.26787501 ratio=1.07865637
pair full=1 round=34 baseline_ms=2.10733333 hadamard_ms=2.113625 ratio=1.00298561
pair full=1 round=35 baseline_ms=2.42212502 hadamard_ms=2.13595835 ratio=0.881853055
pair full=1 round=36 baseline_ms=2.763875 hadamard_ms=2.10316671 ratio=0.760948563
pair full=1 round=37 baseline_ms=2.10754166 hadamard_ms=2.11145834 ratio=1.00185841
pair full=1 round=38 baseline_ms=2.10799999 hadamard_ms=2.19000003 ratio=1.03889945
pair full=1 round=39 baseline_ms=2.16912501 hadamard_ms=2.21458334 ratio=1.02095699
pair full=1 round=40 baseline_ms=2.11900001 hadamard_ms=2.11741665 ratio=0.999252777
pair full=1 round=41 baseline_ms=2.10970832 hadamard_ms=2.12374999 ratio=1.00665574
pair full=1 round=42 baseline_ms=2.10874999 hadamard_ms=2.11449998 ratio=1.00272673
pair full=1 round=43 baseline_ms=2.10783334 hadamard_ms=2.11775 ratio=1.00470467
pair full=1 round=44 baseline_ms=2.11687502 hadamard_ms=2.1139583 ratio=0.998622154
pair full=1 round=45 baseline_ms=2.16537499 hadamard_ms=2.11520836 ratio=0.976832363
pair full=1 round=46 baseline_ms=2.10629165 hadamard_ms=2.12183333 ratio=1.00737869
pair full=1 round=47 baseline_ms=2.121375 hadamard_ms=2.13024998 ratio=1.0041836
timing full=1 baseline_ms=2.10970832 hadamard_ms=2.11691667 paired_overhead_pct=0.298568 samples=48
correct=1
